<html>
<body>
<pre>
<h1>µVision Build Log</h1>
<h2>Project:</h2>
D:\STM32\PROJECT\WORK8\HC-SR501\USER\HC-SR501.uvproj
Project File Date:  09/07/2017

<h2>Output:</h2>
Build target 'Target 1'
compiling main.c...
linking...
Program Size: Code=14592 RO-data=852 RW-data=64 ZI-data=3032  
FromELF: creating hex file...
"..\OBJ\HC-SR501.axf" - 0 Error(s), 0 Warning(s).
Load "..\\OBJ\\HC-SR501.axf" 
Erase Done.
Programming Done.
Verify OK.
</pre>
</body>
</html>
xf" 
Erase Failed!
Internal command error
Error: Flash Download failed  -  "Cortex-M3"
Load "..\\OBJ\\HC-SR501.axf" 
Error: Flash Download failed  -  Target DLL has been cancelled
Load "..\\OBJ\\HC-SR501.axf" 
Erase Done.
Programming Done.
Verify OK.
