<html>
<body>
<pre>
<h1>µVision Build Log</h1>
<h2>Project:</h2>
D:\STM32\PROJECT\WORK8\HC-SR501\USER\HC-SR501.uvproj
Project File Date:  06/30/2017

<h2>Output:</h2>
Build target 'Target 1'
compiling main.c...
main.c(8): warning:  #177-D: variable "flag" was declared but never referenced
        u8 flag=0;
main.c: 1 warning, 0 errors
linking...
Program Size: Code=8280 RO-data=336 RW-data=52 ZI-data=1836  
FromELF: creating hex file...
"..\OBJ\HC-SR501.axf" - 0 Error(s), 1 Warning(s).
</pre>
</body>
</html>
stm32f10x_tim.c...
compiling stm32f10x_usart.c...
compiling core_cm3.c...
assembling startup_stm32f10x_hd.s...
compiling led.c...
compiling time.c...
linking...
Program Size: Code=8232 RO-data=336 RW-data=52 ZI-data=1836  
FromELF: creating hex file...
"..\OBJ\HC-SR501.axf" - 0 Error(s), 0 Warning(s).
