<html>
<body>
<pre>
<h1>µVision Build Log</h1>
<h2>Project:</h2>
D:\STM32\PROJECT\work11´®¿Ú\USER\ck.uvproj
Project File Date:  07/30/2017

<h2>Output:</h2>
Build target 'Target 1'
compiling main.c...
linking...
Program Size: Code=15112 RO-data=852 RW-data=68 ZI-data=5340  
FromELF: creating hex file...
"..\OBJ\ck.axf" - 0 Error(s), 0 Warning(s).
</pre>
</body>
</html>
 warnings, 1 error
"..\OBJ\ck.axf" - 1 Error(s), 0 Warning(s).
Target not created
ling stm32f10x_adc.c...
compiling stm32f10x_crc.c...
compiling stm32f10x_exti.c...
compiling stm32f10x_fsmc.c...
compiling stm32f10x_gpio.c...
compiling stm32f10x_rcc.c...
compiling stm32f10x_sdio.c...
compiling stm32f10x_spi.c...
compiling stm32f10x_tim.c...
compiling stm32f10x_usart.c...
linking...
Program Size: Code=11256 RO-data=852 RW-data=68 ZI-data=5340  
FromELF: creating hex file...
"..\OBJ\ck.axf" - 0 Error(s), 0 Warning(s).
ompiling stm32f10x_sdio.c...
compiling stm32f10x_spi.c...
compiling stm32f10x_tim.c...
compiling stm32f10x_usart.c...
".\ck.axf" - 1 Error(s), 1 Warning(s).
Target not created
