Product: MDK-ARM Professional 5.10
Component: ARM Compiler 5.04 update 1 (build 49)
Tool: armlink [5040049]

==============================================================================

Section Cross References

    system_stm32f10x.o(.text) refers to system_stm32f10x.o(.data) for SystemCoreClock
    main.o(.text) refers to led.o(.text) for LED_Init
    main.o(.text) refers to delay.o(.text) for delay_init
    main.o(.text) refers to usart.o(.text) for uart_init
    main.o(.text) refers to usart2.o(.text) for usart2_init
    main.o(.text) refers to time1.o(.text) for TIM4_Int_Init
    main.o(.text) refers to misc.o(.text) for NVIC_PriorityGroupConfig
    main.o(.text) refers to stm32f10x_gpio.o(.text) for GPIO_SetBits
    main.o(.text) refers to usart2.o(.data) for USART2_RX_STA
    main.o(.text) refers to usart2.o(.bss) for USART2_RX_BUF
    startup_stm32f10x_hd.o(STACK) refers (Special) to heapauxi.o(.text) for __use_two_region_memory
    startup_stm32f10x_hd.o(HEAP) refers (Special) to heapauxi.o(.text) for __use_two_region_memory
    startup_stm32f10x_hd.o(RESET) refers (Special) to heapauxi.o(.text) for __use_two_region_memory
    startup_stm32f10x_hd.o(RESET) refers to startup_stm32f10x_hd.o(STACK) for __initial_sp
    startup_stm32f10x_hd.o(RESET) refers to startup_stm32f10x_hd.o(.text) for Reset_Handler
    startup_stm32f10x_hd.o(RESET) refers to stm32f10x_it.o(.text) for NMI_Handler
    startup_stm32f10x_hd.o(RESET) refers to timer.o(.text) for TIM3_IRQHandler
    startup_stm32f10x_hd.o(RESET) refers to time1.o(.text) for TIM4_IRQHandler
    startup_stm32f10x_hd.o(RESET) refers to usart.o(.text) for USART1_IRQHandler
    startup_stm32f10x_hd.o(RESET) refers to usart2.o(.text) for USART2_IRQHandler
    startup_stm32f10x_hd.o(RESET) refers to usart3.o(.text) for USART3_IRQHandler
    startup_stm32f10x_hd.o(.text) refers (Special) to heapauxi.o(.text) for __use_two_region_memory
    startup_stm32f10x_hd.o(.text) refers to system_stm32f10x.o(.text) for SystemInit
    startup_stm32f10x_hd.o(.text) refers to __main.o(!!!main) for __main
    startup_stm32f10x_hd.o(.text) refers to startup_stm32f10x_hd.o(HEAP) for Heap_Mem
    startup_stm32f10x_hd.o(.text) refers to startup_stm32f10x_hd.o(STACK) for Stack_Mem
    usart2.o(.text) refers to stm32f10x_usart.o(.text) for USART_GetITStatus
    usart2.o(.text) refers to stm32f10x_tim.o(.text) for TIM_SetCounter
    usart2.o(.text) refers to stm32f10x_rcc.o(.text) for RCC_APB2PeriphClockCmd
    usart2.o(.text) refers to stm32f10x_gpio.o(.text) for GPIO_Init
    usart2.o(.text) refers to misc.o(.text) for NVIC_Init
    usart2.o(.text) refers to timer.o(.text) for TIM3_Int_Init
    usart2.o(.text) refers to strlen.o(.text) for strlen
    usart2.o(.text) refers to c89vsprintf.o(.text) for __c89vsprintf
    usart2.o(.text) refers to usart2.o(.data) for USART2_RX_STA
    usart2.o(.text) refers to usart2.o(.bss) for USART2_RX_BUF
    usart3.o(.text) refers to _printf_percent.o(.ARM.Collect$$_printf_percent$$00000000) for _printf_percent
    usart3.o(.text) refers to _printf_s.o(.ARM.Collect$$_printf_percent$$00000014) for _printf_s
    usart3.o(.text) refers to _printf_str.o(.text) for _printf_str
    usart3.o(.text) refers to stm32f10x_usart.o(.text) for USART_ClearFlag
    usart3.o(.text) refers to __2printf.o(.text) for __2printf
    usart3.o(.text) refers to rt_memclr.o(.text) for __aeabi_memclr
    usart3.o(.text) refers to stm32f10x_rcc.o(.text) for RCC_APB2PeriphClockCmd
    usart3.o(.text) refers to stm32f10x_gpio.o(.text) for GPIO_Init
    usart3.o(.text) refers to misc.o(.text) for NVIC_Init
    usart3.o(.text) refers to c89vsprintf.o(.text) for __c89vsprintf
    usart3.o(.text) refers to strlen.o(.text) for strlen
    usart3.o(.text) refers to usart3.o(.data) for USART3_RX_STA
    usart3.o(.text) refers to usart3.o(.bss) for USART3_RX_BUF
    timer.o(.text) refers to stm32f10x_tim.o(.text) for TIM_GetITStatus
    timer.o(.text) refers to stm32f10x_rcc.o(.text) for RCC_APB1PeriphClockCmd
    timer.o(.text) refers to misc.o(.text) for NVIC_Init
    timer.o(.text) refers to usart2.o(.data) for USART2_RX_STA
    led.o(.text) refers to stm32f10x_rcc.o(.text) for RCC_APB2PeriphClockCmd
    led.o(.text) refers to stm32f10x_gpio.o(.text) for GPIO_Init
    time1.o(.text) refers to stm32f10x_rcc.o(.text) for RCC_APB1PeriphClockCmd
    time1.o(.text) refers to stm32f10x_tim.o(.text) for TIM_TimeBaseInit
    time1.o(.text) refers to misc.o(.text) for NVIC_Init
    time1.o(.text) refers to time1.o(.data) for i
    time1.o(.text) refers to usart2.o(.data) for flag_send
    delay.o(.text) refers to misc.o(.text) for SysTick_CLKSourceConfig
    delay.o(.text) refers to system_stm32f10x.o(.data) for SystemCoreClock
    delay.o(.text) refers to delay.o(.data) for fac_us
    usart.o(.text) refers (Special) to use_no_semi_2.o(.text) for __use_no_semihosting
    usart.o(.text) refers to stm32f10x_rcc.o(.text) for RCC_APB2PeriphClockCmd
[...]
    !!!main                                  0x08000130   Section        8  __main.o(!!!main)
    !!!scatter                               0x08000138   Section       52  __scatter.o(!!!scatter)
    !!handler_copy                           0x0800016c   Section       26  __scatter_copy.o(!!handler_copy)
    !!handler_zi                             0x08000188   Section       28  __scatter_zi.o(!!handler_zi)
    .ARM.Collect$$_printf_percent$$00000000  0x080001a4   Section        0  _printf_percent.o(.ARM.Collect$$_printf_percent$$00000000)
    .ARM.Collect$$_printf_percent$$00000001  0x080001a4   Section        6  _printf_n.o(.ARM.Collect$$_printf_percent$$00000001)
    .ARM.Collect$$_printf_percent$$00000002  0x080001aa   Section        6  _printf_p.o(.ARM.Collect$$_printf_percent$$00000002)
    .ARM.Collect$$_printf_percent$$00000003  0x080001b0   Section        6  _printf_f.o(.ARM.Collect$$_printf_percent$$00000003)
    .ARM.Collect$$_printf_percent$$00000004  0x080001b6   Section        6  _printf_e.o(.ARM.Collect$$_printf_percent$$00000004)
    .ARM.Collect$$_printf_percent$$00000005  0x080001bc   Section        6  _printf_g.o(.ARM.Collect$$_printf_percent$$00000005)
    .ARM.Collect$$_printf_percent$$00000006  0x080001c2   Section        6  _printf_a.o(.ARM.Collect$$_printf_percent$$00000006)
    .ARM.Collect$$_printf_percent$$00000007  0x080001c8   Section       10  _printf_ll.o(.ARM.Collect$$_printf_percent$$00000007)
    .ARM.Collect$$_printf_percent$$00000008  0x080001d2   Section        6  _printf_i.o(.ARM.Collect$$_printf_percent$$00000008)
    .ARM.Collect$$_printf_percent$$00000009  0x080001d8   Section        6  _printf_d.o(.ARM.Collect$$_printf_percent$$00000009)
    .ARM.Collect$$_printf_percent$$0000000A  0x080001de   Section        6  _printf_u.o(.ARM.Collect$$_printf_percent$$0000000A)
    .ARM.Collect$$_printf_percent$$0000000B  0x080001e4   Section        6  _printf_o.o(.ARM.Collect$$_printf_percent$$0000000B)
    .ARM.Collect$$_printf_percent$$0000000C  0x080001ea   Section        6  _printf_x.o(.ARM.Collect$$_printf_percent$$0000000C)
    .ARM.Collect$$_printf_percent$$0000000D  0x080001f0   Section        6  _printf_lli.o(.ARM.Collect$$_printf_percent$$0000000D)
    .ARM.Collect$$_printf_percent$$0000000E  0x080001f6   Section        6  _printf_lld.o(.ARM.Collect$$_printf_percent$$0000000E)
    .ARM.Collect$$_printf_percent$$0000000F  0x080001fc   Section        6  _printf_llu.o(.ARM.Collect$$_printf_percent$$0000000F)
    .ARM.Collect$$_printf_percent$$00000010  0x08000202   Section        6  _printf_llo.o(.ARM.Collect$$_printf_percent$$00000010)
    .ARM.Collect$$_printf_percent$$00000011  0x08000208   Section        6  _printf_llx.o(.ARM.Collect$$_printf_percent$$00000011)
    .ARM.Collect$$_printf_percent$$00000012  0x0800020e   Section       10  _printf_l.o(.ARM.Collect$$_printf_percent$$00000012)
    .ARM.Collect$$_printf_percent$$00000013  0x08000218   Section        6  _printf_c.o(.ARM.Collect$$_printf_percent$$00000013)
    .ARM.Collect$$_printf_percent$$00000014  0x0800021e   Section        6  _printf_s.o(.ARM.Collect$$_printf_percent$$00000014)
    .ARM.Collect$$_printf_percent$$00000015  0x08000224   Section        6  _printf_lc.o(.ARM.Collect$$_printf_percent$$00000015)
    .ARM.Collect$$_printf_percent$$00000016  0x0800022a   Section        6  _printf_ls.o(.ARM.Collect$$_printf_percent$$00000016)
    .ARM.Collect$$_printf_percent$$00000017  0x08000230   Section        4  _printf_percent_end.o(.ARM.Collect$$_printf_percent$$00000017)
    .ARM.Collect$$libinit$$00000000          0x08000234   Section        2  libinit.o(.ARM.Collect$$libinit$$00000000)
    .ARM.Collect$$libinit$$00000002          0x08000236   Section        0  libinit2.o(.ARM.Collect$$libinit$$00000002)
    .ARM.Collect$$libinit$$00000008          0x08000236   Section        0  libinit2.o(.ARM.Collect$$libinit$$00000008)
    .ARM.Collect$$libinit$$0000000A          0x08000236   Section        0  libinit2.o(.ARM.Collect$$libinit$$0000000A)
    .ARM.Collect$$libinit$$0000000C          0x08000236   Section        0  libinit2.o(.ARM.Collect$$libinit$$0000000C)
    .ARM.Collect$$libinit$$0000000D          0x08000236   Section        6  libinit2.o(.ARM.Collect$$libinit$$0000000D)
    .ARM.Collect$$libinit$$0000000F          0x0800023c   Section        0  libinit2.o(.ARM.Collect$$libinit$$0000000F)
    .ARM.Collect$$libinit$$00000010          0x0800023c   Section       12  libinit2.o(.ARM.Collect$$libinit$$00000010)
    .ARM.Collect$$libinit$$00000011          0x08000248   Section        0  libinit2.o(.ARM.Collect$$libinit$$00000011)
    .ARM.Collect$$libinit$$00000013          0x08000248   Section        0  libinit2.o(.ARM.Collect$$libinit$$00000013)
    .ARM.Collect$$libinit$$00000014          0x08000248   Section       10  libinit2.o(.ARM.Collect$$libinit$$00000014)
    .ARM.Collect$$libinit$$00000015          0x08000252   Section        0  libinit2.o(.ARM.Collect$$libinit$$00000015)
    .ARM.Collect$$libinit$$00000017          0x08000252   Section        0  libinit2.o(.ARM.Collect$$libinit$$00000017)
    .ARM.Collect$$libinit$$00000019          0x08000252   Section        0  libinit2.o(.ARM.Collect$$libinit$$00000019)
    .ARM.Collect$$libinit$$0000001B          0x08000252   Section        0  libinit2.o(.ARM.Collect$$libinit$$0000001B)
    .ARM.Collect$$libinit$$0000001D          0x08000252   Section        0  libinit2.o(.ARM.Collect$$libinit$$0000001D)
    .ARM.Collect$$libinit$$0000001F          0x08000252   Section        0  libinit2.o(.ARM.Collect$$libinit$$0000001F)
    .ARM.Collect$$libinit$$00000021          0x08000252   Section        0  libinit2.o(.ARM.Collect$$libinit$$00000021)
    .ARM.Collect$$libinit$$00000023          0x08000252   Section        0  libinit2.o(.ARM.Collect$$libinit$$00000023)
    .ARM.Collect$$libinit$$0000002A          0x08000252   Section        0  libinit2.o(.ARM.Collect$$libinit$$0000002A)
    .ARM.Collect$$libinit$$0000002C          0x08000252   Section        0  libinit2.o(.ARM.Collect$$libinit$$0000002C)
    .ARM.Collect$$libinit$$0000002E          0x08000252   Section        0  libinit2.o(.ARM.Collect$$libinit$$0000002E)
    .ARM.Collect$$libinit$$00000030          0x08000252   Section        0  libinit2.o(.ARM.Collect$$libinit$$00000030)
    .ARM.Collect$$libinit$$00000031          0x08000252   Section        2  libinit2.o(.ARM.Collect$$libinit$$00000031)
    .ARM.Collect$$libshutdown$$00000000      0x08000254   Section        2  libshutdown.o(.ARM.Collect$$libshutdown$$00000000)
    .ARM.Collect$$libshutdown$$00000003      0x08000256   Section        0  libshutdown2.o(.ARM.Collect$$libshutdown$$00000003)
    .ARM.Collect$$libshutdown$$00000006      0x08000256   Section        0  libshutdown2.o(.ARM.Collect$$libshutdown$$00000006)
    .ARM.Collect$$libshutdown$$00000009      0x08000256   Section        0  libshutdown2.o(.ARM.Collect$$libshutdown$$00000009)
    .ARM.Collect$$libshutdown$$0000000B      0x08000256   Section        0  libshutdown2.o(.ARM.Collect$$libshutdown$$0000000B)
    .ARM.Collect$$libshutdown$$0000000E      0x08000256   Section        0  libshutdown2.o(.ARM.Collect$$libshutdown$$0000000E)
    .ARM.Collect$$libshutdown$$0000000F      0x08000256   Section        2  libshutdown2.o(.ARM.Collect$$libshutdown$$0000000F)
    .ARM.Collect$$rtentry$$00000000          0x08000258   Section        0  rtentry.o(.ARM.Collect$$rtentry$$00000000)
    .ARM.Collect$$rtentry$$00000002          0x08000258   Section        0  rtentry2.o(.ARM.Collect$$rtentry$$00000002)
    .ARM.Collect$$rtentry$$00000004          0x08000258   Section        6  rtentry4.o(.ARM.Collect$$rtentry$$00000004)
    .ARM.Collect$$rtentry$$00000009          0x0800025e   Section        0  rtentry2.o(.ARM.Collect$$rtentry$$00000009)
    .ARM.Collect$$rtentry$$0000000A          0x0800025e   Section        4  rtentry2.o(.ARM.Collect$$rtentry$$0000000A)
    .ARM.Collect$$rtentry$$0000000C          0x08000262   Section        0  rtentry2.o(.ARM.Collect$$rtentry$$0000000C)
    .ARM.Collect$$rtentry$$0000000D          0x08000262   Section        8  rtentry2.o(.ARM.Collect$$rtentry$$0000000D)
    .ARM.Collect$$rtexit$$00000000           0x0800026a   Section        2  rtexit.o(.ARM.Collect$$rtexit$$00000000)
    .ARM.Collect$$rtexit$$00000002           0x0800026c   Section        0  rtexit2.o(.ARM.Collect$$rtexit$$00000002)
    .ARM.Collect$$rtexit$$00000003           0x0800026c   Section        4  rtexit2.o(.ARM.Collect$$rtexit$$00000003)
    .ARM.Collect$$rtexit$$00000004           0x08000270   Section        6  rtexit2.o(.ARM.Collect$$rtexit$$00000004)
    .text                                    0x08000278   Section        0  system_stm32f10x.o(.text)
    SetSysClockTo72                          0x08000279   Thumb Code   214  system_stm32f10x.o(.text)
    SetSysClock                              0x0800034f   Thumb Code     8  system_stm32f10x.o(.text)
    .text                                    0x08000458   Section        0  stm32f10x_it.o(.text)
    .text                                    0x08000474   Section        0  main.o(.text)
    .text                                    0x080004f4   Section       64  startup_stm32f10x_hd.o(.text)
    .text                                    0x08000534   Section        0  usart2.o(.text)
    .text                                    0x080006e8   Section        0  usart3.o(.text)
    .text                                    0x080008b4   Section        0  timer.o(.text)
    .text                                    0x08000940   Section        0  led.o(.text)
    .text                                    0x08000974   Section        0  time1.o(.text)
    .text                                    0x08000a0c   Section        0  delay.o(.text)
    .text                                    0x08000ae0   Section        0  usart.o(.text)
    .text                                    0x08000c20   Section        0  misc.o(.text)
    .text                                    0x08000cfc   Section        0  stm32f10x_gpio.o(.text)
    .text                                    0x08001058   Section        0  stm32f10x_rcc.o(.text)
    .text                                    0x080013fc   Section        0  stm32f10x_tim.o(.text)
    TI4_Config                               0x080018a3   Thumb Code   130  stm32f10x_tim.o(.text)
    TI3_Config                               0x08001937   Thumb Code   122  stm32f10x_tim.o(.text)
    TI2_Config                               0x080019cb   Thumb Code   130  stm32f10x_tim.o(.text)
    TI1_Config                               0x08001a5f   Thumb Code   108  stm32f10x_tim.o(.text)
    .text                                    0x08002218   Section        0  stm32f10x_usart.o(.text)
    .text                                    0x08002620   Section        2  use_no_semi_2.o(.text)
    .text                                    0x08002624   Section        0  c89vsprintf.o(.text)
    .text                                    0x08002648   Section        0  __2printf.o(.text)
    .text                                    0x08002660   Section        0  _printf_str.o(.text)
    .text                                    0x080026b4   Section        0  __printf_flags_ss_wp.o(.text)
    .text                                    0x0800283c   Section        0  strlen.o(.text)
    .text                                    0x0800287a   Section       68  rt_memclr.o(.text)
    .text                                    0x080028be   Section        0  heapauxi.o(.text)
    .text                                    0x080028c4   Section        2  use_no_semi.o(.text)
    .text                                    0x080028c6   Section        0  _printf_pad.o(.text)
    .text                                    0x08002914   Section        0  _printf_truncate.o(.text)
    .text                                    0x08002938   Section        0  _printf_dec.o(.text)
    .text                                    0x080029ac   Section        0  _printf_charcount.o(.text)
    .text                                    0x080029d4   Section        0  _printf_char_common.o(.text)
    _printf_input_char                       0x080029d5   Thumb Code    10  _printf_char_common.o(.text)
    .text                                    0x08002a04   Section        0  _sputc.o(.text)
    .text                                    0x08002a0e   Section        0  _printf_char.o(.text)
    .text                                    0x08002a3c   Section        0  _printf_char_file.o(.text)
    .text                                    0x08002a60   Section        0  _printf_wctomb.o(.text)
    .text                                    0x08002b1c   Section        0  _printf_longlong_dec.o(.text)
    .text                                    0x08002b94   Section        0  _printf_oct_int_ll.o(.text)
    _printf_longlong_oct_internal            0x08002b95   Thumb Code     0  _printf_oct_int_ll.o(.text)
    .text                                    0x08002c04   Section        0  _printf_hex_int_ll_ptr.o(.text)
    _printf_hex_common                       0x08002c05   Thumb Code     0  _printf_hex_int_ll_ptr.o(.text)
    .text                                    0x08002c98   Section       78  rt_memclr_w.o(.text)
    .text                                    0x08002ce6   Section      138  lludiv10.o(.text)
    .text                                    0x08002d70   Section        0  _printf_intcommon.o(.text)
    .text                                    0x08002e22   Section        0  _printf_fp_dec.o(.text)
    _fp_digits                               0x08002e25   Thumb Code   428  _printf_fp_dec.o(.text)
    .text                                    0x08003238   Section        0  _printf_wchar.o(.text)
    .text                                    0x08003264   Section        0  ferror.o(.text)
    .text                                    0x0800326c   Section        0  _wcrtomb.o(.text)
    .text                                    0x080032ac   Section       74  sys_stackheap_outer.o(.text)
    .text                                    0x080032f8   Section       16  rt_ctype_table.o(.text)
    .text                                    0x08003308   Section        8  rt_locale_intlibspace.o(.text)
    .text                                    0x08003310   Section        0  _printf_fp_infnan.o(.text)
    .text                                    0x08003390   Section        0  bigflt0.o(.text)
    .text                                    0x08003468   Section        0  exit.o(.text)
    .text                                    0x08003474   Section        8  libspace.o(.text)
    .text                                    0x0800347c   Section      128  strcmpv7m.o(.text)
    CL$$btod_d2e                             0x080034fc   Section       62  btod.o(CL$$btod_d2e)
    CL$$btod_d2e_denorm_low                  0x0800353a   Section       70  btod.o(CL$$btod_d2e_denorm_low)
    CL$$btod_d2e_norm_op1                    0x08003580   Section       96  btod.o(CL$$btod_d2e_norm_op1)
    CL$$btod_div_common                      0x080035e0   Section      824  btod.o(CL$$btod_div_common)
    CL$$btod_e2e                             0x08003918   Section      198  btod.o(CL$$btod_e2e)
    CL$$btod_ediv                            0x080039de   Section       40  btod.o(CL$$btod_ediv)
    CL$$btod_emul                            0x08003a06   Section       40  btod.o(CL$$btod_emul)
    CL$$btod_mult_common                     0x08003a2e   Section      580  btod.o(CL$$btod_mult_common)
    i.__ARM_fpclassify                       0x08003c72   Section        0  fpclassify.o(i.__ARM_fpclassify)
    i._is_digit                              0x08003c9a   Section        0  __printf_wp.o(i._is_digit)
    locale$$code                             0x08003ca8   Section       44  lc_numeric_c.o(locale$$code)
    locale$$code                             0x08003cd4   Section       44  lc_ctype_c.o(locale$$code)
    x$fpl$printf1                            0x08003d00   Section        4  printf1.o(x$fpl$printf1)
    .constdata                               0x08003d04   Section       17  __printf_flags_ss_wp.o(.constdata)
    x$fpl$usenofp                            0x08003d04   Section        0  usenofp.o(x$fpl$usenofp)
    maptable                                 0x08003d04   Data          17  __printf_flags_ss_wp.o(.constdata)
    .constdata                               0x08003d18   Section        8  _printf_wctomb.o(.constdata)
    initial_mbstate                          0x08003d18   Data           8  _printf_wctomb.o(.constdata)
    .constdata                               0x08003d20   Section       40  _printf_hex_int_ll_ptr.o(.constdata)
    uc_hextab                                0x08003d20   Data          20  _printf_hex_int_ll_ptr.o(.constdata)
    lc_hextab                                0x08003d34   Data          20  _printf_hex_int_ll_ptr.o(.constdata)
    .constdata                               0x08003d48   Section      148  bigflt0.o(.constdata)
    tenpwrs_x                                0x08003d48   Data          60  bigflt0.o(.constdata)
    tenpwrs_i                                0x08003d84   Data          64  bigflt0.o(.constdata)
    locale$$data                             0x08003dfc   Section       28  lc_numeric_c.o(locale$$data)
    __lcnum_c_name                           0x08003e00   Data           2  lc_numeric_c.o(locale$$data)
    __lcnum_c_start                          0x08003e08   Data           0  lc_numeric_c.o(locale$$data)
    __lcnum_c_point                          0x08003e14   Data           0  lc_numeric_c.o(locale$$data)
    __lcnum_c_thousands                      0x08003e16   Data           0  lc_numeric_c.o(locale$$data)
    __lcnum_c_grouping                       0x08003e17   Data           0  lc_numeric_c.o(locale$$data)
    locale$$data                             0x08003e18   Section      272  lc_ctype_c.o(locale$$data)
    __lcnum_c_end                            0x08003e18   Data           0  lc_numeric_c.o(locale$$data)
    __lcctype_c_name                         0x08003e1c   Data           2  lc_ctype_c.o(locale$$data)
    __lcctype_c_start                        0x08003e24   Data           0  lc_ctype_c.o(locale$$data)
    __lcctype_c_end                          0x08003f28   Data           0  lc_ctype_c.o(locale$$data)
    .data                                    0x20000000   Section       20  system_stm32f10x.o(.data)
    .data                                    0x20000014   Section        5  usart2.o(.data)
    .data                                    0x2000001c   Section       10  usart3.o(.data)
    .data                                    0x20000028   Section        4  time1.o(.data)
    i                                        0x20000028   Data           4  time1.o(.data)
    .data                                    0x2000002c   Section        4  delay.o(.data)
    fac_us                                   0x2000002c   Data           1  delay.o(.data)
    fac_ms                                   0x2000002e   Data           2  delay.o(.data)
    .data                                    0x20000030   Section        6  usart.o(.data)
    .data                                    0x20000036   Section       20  stm32f10x_rcc.o(.data)
    APBAHBPrescTable                         0x20000036   Data          16  stm32f10x_rcc.o(.data)
    ADCPrescTable                            0x20000046   Data           4  stm32f10x_rcc.o(.data)
    .bss                                     0x2000004c   Section     1200  usart2.o(.bss)
    .bss                                     0x200004fc   Section     2304  usart3.o(.bss)
    .bss                                     0x20000dfc   Section      200  usart.o(.bss)
    .bss                                     0x20000ec4   Section       96  libspace.o(.bss)
    HEAP                                     0x20000f28   Section      512  startup_stm32f10x_hd.o(HEAP)
    Heap_Mem                                 0x20000f28   Data         512  startup_stm32f10x_hd.o(HEAP)
    STACK                                    0x20001128   Section     1024  startup_stm32f10x_hd.o(STACK)
    Stack_Mem                                0x20001128   Data        1024  startup_stm32f10x_hd.o(STACK)
    __initial_sp                             0x20001528   Data           0  startup_stm32f10x_hd.o(STACK)

    Global Symbols

    Symbol Name                              Value     Ov Type        Size  Object(Section)

    BuildAttributes$$THM_ISAv4$P$D$K$B$S$PE$A:L22UL41UL21$X:L11$S22US41US21$IEEE1$IW$USESV6$~STKCKD$USESV7$~SHL$OTIME$ROPI$IEEEJ$EBA8$UX$STANDARDLIB$REQ8$PRES8$EABIv2 0x00000000   Number         0  anon$$obj.o ABSOLUTE
    __ARM_use_no_argv                        0x00000000   Number         0  main.o ABSOLUTE
    _printf_flags                            0x00000000   Number         0  printf_stubs.o ABSOLUTE
    _printf_return_value                     0x00000000   Number         0  printf_stubs.o ABSOLUTE
    _printf_sizespec                         0x00000000   Number         0  printf_stubs.o ABSOLUTE
    _printf_widthprec                        0x00000000   Number         0  printf_stubs.o ABSOLUTE
    __ARM_exceptions_init                     - Undefined Weak Reference
    __alloca_initialize                       - Undefined Weak Reference
    __cpp_initialize__aeabi_                  - Undefined Weak Reference
    __cxa_finalize                            - Undefined Weak Reference
    __sigvec_lookup                           - Undefined Weak Reference
    _atexit_init                              - Undefined Weak Reference
    _call_atexit_fns                          - Undefined Weak Reference
    _clock_init                               - Undefined Weak Reference
    _fp_trap_init                             - Undefined Weak Reference
    _fp_trap_shutdown                         - Undefined Weak Reference
    _get_lc_collate                           - Undefined Weak Reference
    _get_lc_monetary                          - Undefined Weak Reference
    _get_lc_time                              - Undefined Weak Reference
    _getenv_init                              - Undefined Weak Reference
    _handle_redirection                       - Undefined Weak Reference
    _init_alloc                               - Undefined Weak Reference
    _init_user_alloc                          - Undefined Weak Reference
    _initio                                   - Undefined Weak Reference
    _mutex_acquire                            - Undefined Weak Reference
    _mutex_release                            - Undefined Weak Reference
    _printf_fp_hex                            - Undefined Weak Reference
    _printf_mbtowc                            - Undefined Weak Reference
    _printf_wc                                - Undefined Weak Reference
    _rand_init                                - Undefined Weak Reference
    _signal_finish                            - Undefined Weak Reference
    _signal_init                              - Undefined Weak Reference
    _terminate_alloc                          - Undefined Weak Reference
    _terminate_user_alloc                     - Undefined Weak Reference
    _terminateio                              - Undefined Weak Reference
    __Vectors_Size                           0x00000130   Number         0  startup_stm32f10x_hd.o ABSOLUTE
    __Vectors                                0x08000000   Data           4  startup_stm32f10x_hd.o(RESET)
    __Vectors_End                            0x08000130   Data           0  startup_stm32f10x_hd.o(RESET)
    __main                                   0x08000131   Thumb Code     8  __main.o(!!!main)
    __scatterload                            0x08000139   Thumb Code     0  __scatter.o(!!!scatter)
    __scatterload_rt2                        0x08000139   Thumb Code    44  __scatter.o(!!!scatter)
    __scatterload_rt2_thumb_only             0x08000139   Thumb Code     0  __scatter.o(!!!scatter)
    __scatterload_null                       0x08000147   Thumb Code     0  __scatter.o(!!!scatter)
    __scatterload_copy                       0x0800016d   Thumb Code    26  __scatter_copy.o(!!handler_copy)
    __scatterload_zeroinit                   0x08000189   Thumb Code    28  __scatter_zi.o(!!handler_zi)
    _printf_n                                0x080001a5   Thumb Code     0  _printf_n.o(.ARM.Collect$$_printf_percent$$00000001)
    _printf_percent                          0x080001a5   Thumb Code     0  _printf_percent.o(.ARM.Collect$$_printf_percent$$00000000)
    _printf_p                                0x080001ab   Thumb Code     0  _printf_p.o(.ARM.Collect$$_printf_percent$$00000002)
    _printf_f                                0x080001b1   Thumb Code     0  _printf_f.o(.ARM.Collect$$_printf_percent$$00000003)
    _printf_e                                0x080001b7   Thumb Code     0  _printf_e.o(.ARM.Collect$$_printf_percent$$00000004)
    _printf_g                                0x080001bd   Thumb Code     0  _printf_g.o(.ARM.Collect$$_printf_percent$$00000005)
    _printf_a                                0x080001c3   Thumb Code     0  _printf_a.o(.ARM.Collect$$_printf_percent$$00000006)
    _printf_ll                               0x080001c9   Thumb Code     0  _printf_ll.o(.ARM.Collect$$_printf_percent$$00000007)
    _printf_i                                0x080001d3   Thumb Code     0  _printf_i.o(.ARM.Collect$$_printf_percent$$00000008)
    _printf_d                                0x080001d9   Thumb Code     0  _printf_d.o(.ARM.Collect$$_printf_percent$$00000009)
    _printf_u                                0x080001df   Thumb Code     0  _printf_u.o(.ARM.Collect$$_printf_percent$$0000000A)
    _printf_o                                0x080001e5   Thumb Code     0  _printf_o.o(.ARM.Collect$$_printf_percent$$0000000B)
    _printf_x                                0x080001eb   Thumb Code     0  _printf_x.o(.ARM.Collect$$_printf_percent$$0000000C)
    _printf_lli                              0x080001f1   Thumb Code     0  _printf_lli.o(.ARM.Collect$$_printf_percent$$0000000D)
    _printf_lld                              0x080001f7   Thumb Code     0  _printf_lld.o(.ARM.Collect$$_printf_percent$$0000000E)
    _printf_llu                              0x080001fd   Thumb Code     0  _printf_llu.o(.ARM.Collect$$_printf_percent$$0000000F)
    _printf_llo                              0x08000203   Thumb Code     0  _printf_llo.o(.ARM.Collect$$_printf_percent$$00000010)
    _printf_llx                              0x08000209   Thumb Code     0  _printf_llx.o(.ARM.Collect$$_printf_percent$$00000011)
    _printf_l                                0x0800020f   Thumb Code     0  _printf_l.o(.ARM.Collect$$_printf_percent$$00000012)
    _printf_c                                0x08000219   Thumb Code     0  _printf_c.o(.ARM.Collect$$_printf_percent$$00000013)
    _printf_s                                0x0800021f   Thumb Code     0  _printf_s.o(.ARM.Collect$$_printf_percent$$00000014)
    _printf_lc                               0x08000225   Thumb Code     0  _printf_lc.o(.ARM.Collect$$_printf_percent$$00000015)
    _printf_ls                               0x0800022b   Thumb Code     0  _printf_ls.o(.ARM.Collect$$_printf_percent$$00000016)
    _printf_percent_end                      0x08000231   Thumb Code     0  _printf_percent_end.o(.ARM.Collect$$_printf_percent$$00000017)
    __rt_lib_init                            0x08000235   Thumb Code     0  libinit.o(.ARM.Collect$$libinit$$00000000)
    __rt_lib_init_fp_1                       0x08000237   Thumb Code     0  libinit2.o(.ARM.Collect$$libinit$$00000002)
    __rt_lib_init_heap_1                     0x08000237   Thumb Code     0  libinit2.o(.ARM.Collect$$libinit$$00000008)
    __rt_lib_init_lc_common                  0x08000237   Thumb Code     0  libinit2.o(.ARM.Collect$$libinit$$0000000D)
    __rt_lib_init_rand_1                     0x08000237   Thumb Code     0  libinit2.o(.ARM.Collect$$libinit$$0000000C)
    __rt_lib_init_user_alloc_1               0x08000237   Thumb Code     0  libinit2.o(.ARM.Collect$$libinit$$0000000A)
    __rt_lib_init_lc_collate_1               0x0800023d   Thumb Code     0  libinit2.o(.ARM.Collect$$libinit$$0000000F)
    __rt_lib_init_lc_ctype_2                 0x0800023d   Thumb Code     0  libinit2.o(.ARM.Collect$$libinit$$00000010)
    __rt_lib_init_lc_ctype_1                 0x08000249   Thumb Code     0  libinit2.o(.ARM.Collect$$libinit$$00000011)
    __rt_lib_init_lc_monetary_1              0x08000249   Thumb Code     0  libinit2.o(.ARM.Collect$$libinit$$00000013)
    __rt_lib_init_lc_numeric_2               0x08000249   Thumb Code     0  libinit2.o(.ARM.Collect$$libinit$$00000014)
    __rt_lib_init_alloca_1                   0x08000253   Thumb Code     0  libinit2.o(.ARM.Collect$$libinit$$0000002C)
    __rt_lib_init_argv_1                     0x08000253   Thumb Code     0  libinit2.o(.ARM.Collect$$libinit$$0000002A)
    __rt_lib_init_atexit_1                   0x08000253   Thumb Code     0  libinit2.o(.ARM.Collect$$libinit$$00000019)
    __rt_lib_init_clock_1                    0x08000253   Thumb Code     0  libinit2.o(.ARM.Collect$$libinit$$0000001F)
    __rt_lib_init_cpp_1                      0x08000253   Thumb Code     0  libinit2.o(.ARM.Collect$$libinit$$00000030)
    __rt_lib_init_exceptions_1               0x08000253   Thumb Code     0  libinit2.o(.ARM.Collect$$libinit$$0000002E)
    __rt_lib_init_fp_trap_1                  0x08000253   Thumb Code     0  libinit2.o(.ARM.Collect$$libinit$$0000001D)
    __rt_lib_init_getenv_1                   0x08000253   Thumb Code     0  libinit2.o(.ARM.Collect$$libinit$$00000021)
    __rt_lib_init_lc_numeric_1               0x08000253   Thumb Code     0  libinit2.o(.ARM.Collect$$libinit$$00000015)
    __rt_lib_init_lc_time_1                  0x08000253   Thumb Code     0  libinit2.o(.ARM.Collect$$libinit$$00000017)
    __rt_lib_init_return                     0x08000253   Thumb Code     0  libinit2.o(.ARM.Collect$$libinit$$00000031)
    __rt_lib_init_signal_1                   0x08000253   Thumb Code     0  libinit2.o(.ARM.Collect$$libinit$$0000001B)
    __rt_lib_init_stdio_1                    0x08000253   Thumb Code     0  libinit2.o(.ARM.Collect$$libinit$$00000023)
    __rt_lib_shutdown                        0x08000255   Thumb Code     0  libshutdown.o(.ARM.Collect$$libshutdown$$00000000)
    __rt_lib_shutdown_fp_trap_1              0x08000257   Thumb Code     0  libshutdown2.o(.ARM.Collect$$libshutdown$$00000006)
    __rt_lib_shutdown_heap_1                 0x08000257   Thumb Code     0  libshutdown2.o(.ARM.Collect$$libshutdown$$0000000E)
    __rt_lib_shutdown_return                 0x08000257   Thumb Code     0  libshutdown2.o(.ARM.Collect$$libshutdown$$0000000F)
    __rt_lib_shutdown_signal_1               0x08000257   Thumb Code     0  libshutdown2.o(.ARM.Collect$$libshutdown$$00000009)
    __rt_lib_shutdown_stdio_1                0x08000257   Thumb Code     0  libshutdown2.o(.ARM.Collect$$libshutdown$$00000003)
    __rt_lib_shutdown_user_alloc_1           0x08000257   Thumb Code     0  libshutdown2.o(.ARM.Collect$$libshutdown$$0000000B)
    __rt_entry                               0x08000259   Thumb Code     0  rtentry.o(.ARM.Collect$$rtentry$$00000000)
    __rt_entry_presh_1                       0x08000259   Thumb Code     0  rtentry2.o(.ARM.Collect$$rtentry$$00000002)
    __rt_entry_sh                            0x08000259   Thumb Code     0  rtentry4.o(.ARM.Collect$$rtentry$$00000004)
    __rt_entry_li                            0x0800025f   Thumb Code     0  rtentry2.o(.ARM.Collect$$rtentry$$0000000A)
    __rt_entry_postsh_1                      0x0800025f   Thumb Code     0  rtentry2.o(.ARM.Collect$$rtentry$$00000009)
    __rt_entry_main                          0x08000263   Thumb Code     0  rtentry2.o(.ARM.Collect$$rtentry$$0000000D)
    __rt_entry_postli_1                      0x08000263   Thumb Code     0  rtentry2.o(.ARM.Collect$$rtentry$$0000000C)
    __rt_exit                                0x0800026b   Thumb Code     0  rtexit.o(.ARM.Collect$$rtexit$$00000000)
    __rt_exit_ls                             0x0800026d   Thumb Code     0  rtexit2.o(.ARM.Collect$$rtexit$$00000003)
    __rt_exit_prels_1                        0x0800026d   Thumb Code     0  rtexit2.o(.ARM.Collect$$rtexit$$00000002)
    __rt_exit_exit                           0x08000271   Thumb Code     0  rtexit2.o(.ARM.Collect$$rtexit$$00000004)
    SystemInit                               0x08000357   Thumb Code    78  system_stm32f10x.o(.text)
    SystemCoreClockUpdate                    0x080003a5   Thumb Code   142  system_stm32f10x.o(.text)
    NMI_Handler                              0x08000459   Thumb Code     2  stm32f10x_it.o(.text)
    HardFault_Handler                        0x0800045b   Thumb Code     4  stm32f10x_it.o(.text)
    MemManage_Handler                        0x0800045f   Thumb Code     4  stm32f10x_it.o(.text)
    BusFault_Handler                         0x08000463   Thumb Code     4  stm32f10x_it.o(.text)
    UsageFault_Handler                       0x08000467   Thumb Code     4  stm32f10x_it.o(.text)
    SVC_Handler                              0x0800046b   Thumb Code     2  stm32f10x_it.o(.text)
    DebugMon_Handler                         0x0800046d   Thumb Code     2  stm32f10x_it.o(.text)
    PendSV_Handler                           0x0800046f   Thumb Code     2  stm32f10x_it.o(.text)
    SysTick_Handler                          0x08000471   Thumb Code     2  stm32f10x_it.o(.text)
    main                                     0x08000475   Thumb Code   114  main.o(.text)
    Reset_Handler                            0x080004f5   Thumb Code     8  startup_stm32f10x_hd.o(.text)
    ADC1_2_IRQHandler                        0x0800050f   Thumb Code     0  startup_stm32f10x_hd.o(.text)
    ADC3_IRQHandler                          0x0800050f   Thumb Code     0  startup_stm32f10x_hd.o(.text)
    CAN1_RX1_IRQHandler                      0x0800050f   Thumb Code     0  startup_stm32f10x_hd.o(.text)
    CAN1_SCE_IRQHandler                      0x0800050f   Thumb Code     0  startup_stm32f10x_hd.o(.text)
    DMA1_Channel1_IRQHandler                 0x0800050f   Thumb Code     0  startup_stm32f10x_hd.o(.text)
    DMA1_Channel2_IRQHandler                 0x0800050f   Thumb Code     0  startup_stm32f10x_hd.o(.text)
    DMA1_Channel3_IRQHandler                 0x0800050f   Thumb Code     0  startup_stm32f10x_hd.o(.text)
    DMA1_Channel4_IRQHandler                 0x0800050f   Thumb Code     0  startup_stm32f10x_hd.o(.text)
    DMA1_Channel5_IRQHandler                 0x0800050f   Thumb Code     0  startup_stm32f10x_hd.o(.text)
    DMA1_Channel6_IRQHandler                 0x0800050f   Thumb Code     0  startup_stm32f10x_hd.o(.text)
    DMA1_Channel7_IRQHandler                 0x0800050f   Thumb Code     0  startup_stm32f10x_hd.o(.text)
    DMA2_Channel1_IRQHandler                 0x0800050f   Thumb Code     0  startup_stm32f10x_hd.o(.text)
    DMA2_Channel2_IRQHandler                 0x0800050f   Thumb Code     0  startup_stm32f10x_hd.o(.text)
    DMA2_Channel3_IRQHandler                 0x0800050f   Thumb Code     0  startup_stm32f10x_hd.o(.text)
    DMA2_Channel4_5_IRQHandler               0x0800050f   Thumb Code     0  startup_stm32f10x_hd.o(.text)
    EXTI0_IRQHandler                         0x0800050f   Thumb Code     0  startup_stm32f10x_hd.o(.text)
    EXTI15_10_IRQHandler                     0x0800050f   Thumb Code     0  startup_stm32f10x_hd.o(.text)
    EXTI1_IRQHandler                         0x0800050f   Thumb Code     0  startup_stm32f10x_hd.o(.text)
    EXTI2_IRQHandler                         0x0800050f   Thumb Code     0  startup_stm32f10x_hd.o(.text)
    EXTI3_IRQHandler                         0x0800050f   Thumb Code     0  startup_stm32f10x_hd.o(.text)
    EXTI4_IRQHandler                         0x0800050f   Thumb Code     0  startup_stm32f10x_hd.o(.text)
    EXTI9_5_IRQHandler                       0x0800050f   Thumb Code     0  startup_stm32f10x_hd.o(.text)
    FLASH_IRQHandler                         0x0800050f   Thumb Code     0  startup_stm32f10x_hd.o(.text)
    FSMC_IRQHandler                          0x0800050f   Thumb Code     0  startup_stm32f10x_hd.o(.text)
    I2C1_ER_IRQHandler                       0x0800050f   Thumb Code     0  startup_stm32f10x_hd.o(.text)
    I2C1_EV_IRQHandler                       0x0800050f   Thumb Code     0  startup_stm32f10x_hd.o(.text)
    I2C2_ER_IRQHandler                       0x0800050f   Thumb Code     0  startup_stm32f10x_hd.o(.text)
    I2C2_EV_IRQHandler                       0x0800050f   Thumb Code     0  startup_stm32f10x_hd.o(.text)
    PVD_IRQHandler                           0x0800050f   Thumb Code     0  startup_stm32f10x_hd.o(.text)
    RCC_IRQHandler                           0x0800050f   Thumb Code     0  startup_stm32f10x_hd.o(.text)
    RTCAlarm_IRQHandler                      0x0800050f   Thumb Code     0  startup_stm32f10x_hd.o(.text)
    RTC_IRQHandler                           0x0800050f   Thumb Code     0  startup_stm32f10x_hd.o(.text)
    SDIO_IRQHandler                          0x0800050f   Thumb Code     0  startup_stm32f10x_hd.o(.text)
    SPI1_IRQHandler                          0x0800050f   Thumb Code     0  startup_stm32f10x_hd.o(.text)
    SPI2_IRQHandler                          0x0800050f   Thumb Code     0  startup_stm32f10x_hd.o(.text)
    SPI3_IRQHandler                          0x0800050f   Thumb Code     0  startup_stm32f10x_hd.o(.text)
    TAMPER_IRQHandler                        0x0800050f   Thumb Code     0  startup_stm32f10x_hd.o(.text)
    TIM1_BRK_IRQHandler                      0x0800050f   Thumb Code     0  startup_stm32f10x_hd.o(.text)
    TIM1_CC_IRQHandler                       0x0800050f   Thumb Code     0  startup_stm32f10x_hd.o(.text)
    TIM1_TRG_COM_IRQHandler                  0x0800050f   Thumb Code     0  startup_stm32f10x_hd.o(.text)
    TIM1_UP_IRQHandler                       0x0800050f   Thumb Code     0  startup_stm32f10x_hd.o(.text)
    TIM2_IRQHandler                          0x0800050f   Thumb Code     0  startup_stm32f10x_hd.o(.text)
    TIM5_IRQHandler                          0x0800050f   Thumb Code     0  startup_stm32f10x_hd.o(.text)
    TIM6_IRQHandler                          0x0800050f   Thumb Code     0  startup_stm32f10x_hd.o(.text)
    TIM7_IRQHandler                          0x0800050f   Thumb Code     0  startup_stm32f10x_hd.o(.text)
    TIM8_BRK_IRQHandler                      0x0800050f   Thumb Code     0  startup_stm32f10x_hd.o(.text)
    TIM8_CC_IRQHandler                       0x0800050f   Thumb Code     0  startup_stm32f10x_hd.o(.text)
    TIM8_TRG_COM_IRQHandler                  0x0800050f   Thumb Code     0  startup_stm32f10x_hd.o(.text)
    TIM8_UP_IRQHandler                       0x0800050f   Thumb Code     0  startup_stm32f10x_hd.o(.text)
    UART4_IRQHandler                         0x0800050f   Thumb Code     0  startup_stm32f10x_hd.o(.text)
    UART5_IRQHandler                         0x0800050f   Thumb Code     0  startup_stm32f10x_hd.o(.text)
    USBWakeUp_IRQHandler                     0x0800050f   Thumb Code     0  startup_stm32f10x_hd.o(.text)
    USB_HP_CAN1_TX_IRQHandler                0x0800050f   Thumb Code     0  startup_stm32f10x_hd.o(.text)
    USB_LP_CAN1_RX0_IRQHandler               0x0800050f   Thumb Code     0  startup_stm32f10x_hd.o(.text)
    WWDG_IRQHandler                          0x0800050f   Thumb Code     0  startup_stm32f10x_hd.o(.text)
    __user_initial_stackheap                 0x08000511   Thumb Code     0  startup_stm32f10x_hd.o(.text)
    USART2_IRQHandler                        0x08000535   Thumb Code    96  usart2.o(.text)
    usart2_init                              0x08000595   Thumb Code   188  usart2.o(.text)
    usart2_write                             0x08000651   Thumb Code    54  usart2.o(.text)
    u2_printf                                0x08000687   Thumb Code    72  usart2.o(.text)
    usart3_write                             0x080006e9   Thumb Code    56  usart3.o(.text)
    USART3_IRQHandler                        0x08000721   Thumb Code   130  usart3.o(.text)
    usart3_init                              0x080007a3   Thumb Code   166  usart3.o(.text)
    u3_printf                                0x08000849   Thumb Code    72  usart3.o(.text)
    TIM3_IRQHandler                          0x080008b5   Thumb Code    42  timer.o(.text)
    TIM3_Int_Init                            0x080008df   Thumb Code    90  timer.o(.text)
    LED_Init                                 0x08000941   Thumb Code    46  led.o(.text)
    TIM4_Int_Init                            0x08000975   Thumb Code    90  time1.o(.text)
    TIM4_IRQHandler                          0x080009cf   Thumb Code    50  time1.o(.text)
    delay_init                               0x08000a0d   Thumb Code    50  delay.o(.text)
    delay_us                                 0x08000a3f   Thumb Code    72  delay.o(.text)
    delay_ms                                 0x08000a87   Thumb Code    72  delay.o(.text)
    _sys_exit                                0x08000ae1   Thumb Code     6  usart.o(.text)
    fputc                                    0x08000ae7   Thumb Code    24  usart.o(.text)
    uart_init                                0x08000aff   Thumb Code   152  usart.o(.text)
    USART1_IRQHandler                        0x08000b97   Thumb Code   122  usart.o(.text)
    NVIC_PriorityGroupConfig                 0x08000c21   Thumb Code    10  misc.o(.text)
    NVIC_Init                                0x08000c2b   Thumb Code   100  misc.o(.text)
    NVIC_SetVectorTable                      0x08000c8f   Thumb Code    14  misc.o(.text)
    NVIC_SystemLPConfig                      0x08000c9d   Thumb Code    34  misc.o(.text)
    SysTick_CLKSourceConfig                  0x08000cbf   Thumb Code    40  misc.o(.text)
    GPIO_DeInit                              0x08000cfd   Thumb Code   172  stm32f10x_gpio.o(.text)
    GPIO_AFIODeInit                          0x08000da9   Thumb Code    20  stm32f10x_gpio.o(.text)
    GPIO_Init                                0x08000dbd   Thumb Code   278  stm32f10x_gpio.o(.text)
    GPIO_StructInit                          0x08000ed3   Thumb Code    16  stm32f10x_gpio.o(.text)
    GPIO_ReadInputDataBit                    0x08000ee3   Thumb Code    18  stm32f10x_gpio.o(.text)
    GPIO_ReadInputData                       0x08000ef5   Thumb Code     8  stm32f10x_gpio.o(.text)
    GPIO_ReadOutputDataBit                   0x08000efd   Thumb Code    18  stm32f10x_gpio.o(.text)
    GPIO_ReadOutputData                      0x08000f0f   Thumb Code     8  stm32f10x_gpio.o(.text)
    GPIO_SetBits                             0x08000f17   Thumb Code     4  stm32f10x_gpio.o(.text)
    GPIO_ResetBits                           0x08000f1b   Thumb Code     4  stm32f10x_gpio.o(.text)
    GPIO_WriteBit                            0x08000f1f   Thumb Code    10  stm32f10x_gpio.o(.text)
    GPIO_Write                               0x08000f29   Thumb Code     4  stm32f10x_gpio.o(.text)
    GPIO_PinLockConfig                       0x08000f2d   Thumb Code    18  stm32f10x_gpio.o(.text)
    GPIO_EventOutputConfig                   0x08000f3f   Thumb Code    26  stm32f10x_gpio.o(.text)
    GPIO_EventOutputCmd                      0x08000f59   Thumb Code     6  stm32f10x_gpio.o(.text)
    GPIO_PinRemapConfig                      0x08000f5f   Thumb Code   138  stm32f10x_gpio.o(.text)
    GPIO_EXTILineConfig                      0x08000fe9   Thumb Code    66  stm32f10x_gpio.o(.text)
    GPIO_ETH_MediaInterfaceConfig            0x0800102b   Thumb Code     8  stm32f10x_gpio.o(.text)
    RCC_DeInit                               0x08001059   Thumb Code    64  stm32f10x_rcc.o(.text)
    RCC_HSEConfig                            0x08001099   Thumb Code    70  stm32f10x_rcc.o(.text)
    RCC_GetFlagStatus                        0x080010df   Thumb Code    56  stm32f10x_rcc.o(.text)
    RCC_WaitForHSEStartUp                    0x08001117   Thumb Code    56  stm32f10x_rcc.o(.text)
    RCC_AdjustHSICalibrationValue            0x0800114f   Thumb Code    20  stm32f10x_rcc.o(.text)
    RCC_HSICmd                               0x08001163   Thumb Code     6  stm32f10x_rcc.o(.text)
    RCC_PLLConfig                            0x08001169   Thumb Code    24  stm32f10x_rcc.o(.text)
    RCC_PLLCmd                               0x08001181   Thumb Code     6  stm32f10x_rcc.o(.text)
    RCC_SYSCLKConfig                         0x08001187   Thumb Code    18  stm32f10x_rcc.o(.text)
    RCC_GetSYSCLKSource                      0x08001199   Thumb Code    10  stm32f10x_rcc.o(.text)
    RCC_HCLKConfig                           0x080011a3   Thumb Code    18  stm32f10x_rcc.o(.text)
    RCC_PCLK1Config                          0x080011b5   Thumb Code    18  stm32f10x_rcc.o(.text)
    RCC_PCLK2Config                          0x080011c7   Thumb Code    20  stm32f10x_rcc.o(.text)
    RCC_ITConfig                             0x080011db   Thumb Code    26  stm32f10x_rcc.o(.text)
    RCC_USBCLKConfig                         0x080011f5   Thumb Code     8  stm32f10x_rcc.o(.text)
    RCC_ADCCLKConfig                         0x080011fd   Thumb Code    18  stm32f10x_rcc.o(.text)
    RCC_LSEConfig                            0x0800120f   Thumb Code    50  stm32f10x_rcc.o(.text)
    RCC_LSICmd                               0x08001241   Thumb Code     6  stm32f10x_rcc.o(.text)
    RCC_RTCCLKConfig                         0x08001247   Thumb Code    12  stm32f10x_rcc.o(.text)
    RCC_RTCCLKCmd                            0x08001253   Thumb Code     8  stm32f10x_rcc.o(.text)
    RCC_GetClocksFreq                        0x0800125b   Thumb Code   192  stm32f10x_rcc.o(.text)
    RCC_AHBPeriphClockCmd                    0x0800131b   Thumb Code    26  stm32f10x_rcc.o(.text)
    RCC_APB2PeriphClockCmd                   0x08001335   Thumb Code    26  stm32f10x_rcc.o(.text)
    RCC_APB1PeriphClockCmd                   0x0800134f   Thumb Code    26  stm32f10x_rcc.o(.text)
    RCC_APB2PeriphResetCmd                   0x08001369   Thumb Code    26  stm32f10x_rcc.o(.text)
    RCC_APB1PeriphResetCmd                   0x08001383   Thumb Code    26  stm32f10x_rcc.o(.text)
    RCC_BackupResetCmd                       0x0800139d   Thumb Code     8  stm32f10x_rcc.o(.text)
    RCC_ClockSecuritySystemCmd               0x080013a5   Thumb Code     6  stm32f10x_rcc.o(.text)
    RCC_MCOConfig                            0x080013ab   Thumb Code     6  stm32f10x_rcc.o(.text)
    RCC_ClearFlag                            0x080013b1   Thumb Code    14  stm32f10x_rcc.o(.text)
    RCC_GetITStatus                          0x080013bf   Thumb Code    20  stm32f10x_rcc.o(.text)
    RCC_ClearITPendingBit                    0x080013d3   Thumb Code     6  stm32f10x_rcc.o(.text)
    TIM_DeInit                               0x080013fd   Thumb Code   424  stm32f10x_tim.o(.text)
    TIM_TimeBaseInit                         0x080015a5   Thumb Code   122  stm32f10x_tim.o(.text)
    TIM_OC1Init                              0x0800161f   Thumb Code   132  stm32f10x_tim.o(.text)
    TIM_OC2Init                              0x080016a3   Thumb Code   154  stm32f10x_tim.o(.text)
    TIM_OC3Init                              0x0800173d   Thumb Code   150  stm32f10x_tim.o(.text)
    TIM_OC4Init                              0x080017d3   Thumb Code   182  stm32f10x_tim.o(.text)
    TIM_SetIC4Prescaler                      0x08001889   Thumb Code    26  stm32f10x_tim.o(.text)
    TIM_SetIC3Prescaler                      0x08001925   Thumb Code    18  stm32f10x_tim.o(.text)
    TIM_SetIC2Prescaler                      0x080019b1   Thumb Code    26  stm32f10x_tim.o(.text)
    TIM_SetIC1Prescaler                      0x08001a4d   Thumb Code    18  stm32f10x_tim.o(.text)
    TIM_ICInit                               0x08001acb   Thumb Code   150  stm32f10x_tim.o(.text)
    TIM_PWMIConfig                           0x08001b61   Thumb Code   124  stm32f10x_tim.o(.text)
    TIM_BDTRConfig                           0x08001bdd   Thumb Code    32  stm32f10x_tim.o(.text)
    TIM_TimeBaseStructInit                   0x08001bfd   Thumb Code    18  stm32f10x_tim.o(.text)
    TIM_OCStructInit                         0x08001c0f   Thumb Code    20  stm32f10x_tim.o(.text)
    TIM_ICStructInit                         0x08001c23   Thumb Code    18  stm32f10x_tim.o(.text)
    TIM_BDTRStructInit                       0x08001c35   Thumb Code    40  stm32f10x_tim.o(.text)
    TIM_Cmd                                  0x08001c5d   Thumb Code    24  stm32f10x_tim.o(.text)
    TIM_CtrlPWMOutputs                       0x08001c75   Thumb Code    30  stm32f10x_tim.o(.text)
    TIM_ITConfig                             0x08001c93   Thumb Code    18  stm32f10x_tim.o(.text)
    TIM_GenerateEvent                        0x08001ca5   Thumb Code     4  stm32f10x_tim.o(.text)
    TIM_DMAConfig                            0x08001ca9   Thumb Code    10  stm32f10x_tim.o(.text)
    TIM_DMACmd                               0x08001cb3   Thumb Code    18  stm32f10x_tim.o(.text)
    TIM_InternalClockConfig                  0x08001cc5   Thumb Code    12  stm32f10x_tim.o(.text)
    TIM_SelectInputTrigger                   0x08001cd1   Thumb Code    18  stm32f10x_tim.o(.text)
    TIM_ITRxExternalClockConfig              0x08001ce3   Thumb Code    24  stm32f10x_tim.o(.text)
    TIM_TIxExternalClockConfig               0x08001cfb   Thumb Code    62  stm32f10x_tim.o(.text)
    TIM_ETRConfig                            0x08001d39   Thumb Code    28  stm32f10x_tim.o(.text)
    TIM_ETRClockMode1Config                  0x08001d55   Thumb Code    54  stm32f10x_tim.o(.text)
    TIM_ETRClockMode2Config                  0x08001d8b   Thumb Code    32  stm32f10x_tim.o(.text)
    TIM_PrescalerConfig                      0x08001dab   Thumb Code     6  stm32f10x_tim.o(.text)
    TIM_CounterModeConfig                    0x08001db1   Thumb Code    18  stm32f10x_tim.o(.text)
    TIM_EncoderInterfaceConfig               0x08001dc3   Thumb Code    66  stm32f10x_tim.o(.text)
    TIM_ForcedOC1Config                      0x08001e05   Thumb Code    18  stm32f10x_tim.o(.text)
    TIM_ForcedOC2Config                      0x08001e17   Thumb Code    26  stm32f10x_tim.o(.text)
    TIM_ForcedOC3Config                      0x08001e31   Thumb Code    18  stm32f10x_tim.o(.text)
    TIM_ForcedOC4Config                      0x08001e43   Thumb Code    26  stm32f10x_tim.o(.text)
    TIM_ARRPreloadConfig                     0x08001e5d   Thumb Code    24  stm32f10x_tim.o(.text)
    TIM_SelectCOM                            0x08001e75   Thumb Code    24  stm32f10x_tim.o(.text)
    TIM_SelectCCDMA                          0x08001e8d   Thumb Code    24  stm32f10x_tim.o(.text)
    TIM_CCPreloadControl                     0x08001ea5   Thumb Code    24  stm32f10x_tim.o(.text)
    TIM_OC1PreloadConfig                     0x08001ebd   Thumb Code    18  stm32f10x_tim.o(.text)
    TIM_OC2PreloadConfig                     0x08001ecf   Thumb Code    26  stm32f10x_tim.o(.text)
    TIM_OC3PreloadConfig                     0x08001ee9   Thumb Code    18  stm32f10x_tim.o(.text)
    TIM_OC4PreloadConfig                     0x08001efb   Thumb Code    26  stm32f10x_tim.o(.text)
    TIM_OC1FastConfig                        0x08001f15   Thumb Code    18  stm32f10x_tim.o(.text)
    TIM_OC2FastConfig                        0x08001f27   Thumb Code    26  stm32f10x_tim.o(.text)
    TIM_OC3FastConfig                        0x08001f41   Thumb Code    18  stm32f10x_tim.o(.text)
    TIM_OC4FastConfig                        0x08001f53   Thumb Code    26  stm32f10x_tim.o(.text)
    TIM_ClearOC1Ref                          0x08001f6d   Thumb Code    18  stm32f10x_tim.o(.text)
    TIM_ClearOC2Ref                          0x08001f7f   Thumb Code    24  stm32f10x_tim.o(.text)
    TIM_ClearOC3Ref                          0x08001f97   Thumb Code    18  stm32f10x_tim.o(.text)
    TIM_ClearOC4Ref                          0x08001fa9   Thumb Code    24  stm32f10x_tim.o(.text)
    TIM_OC1PolarityConfig                    0x08001fc1   Thumb Code    18  stm32f10x_tim.o(.text)
    TIM_OC1NPolarityConfig                   0x08001fd3   Thumb Code    18  stm32f10x_tim.o(.text)
    TIM_OC2PolarityConfig                    0x08001fe5   Thumb Code    26  stm32f10x_tim.o(.text)
    TIM_OC2NPolarityConfig                   0x08001fff   Thumb Code    26  stm32f10x_tim.o(.text)
    TIM_OC3PolarityConfig                    0x08002019   Thumb Code    26  stm32f10x_tim.o(.text)
    TIM_OC3NPolarityConfig                   0x08002033   Thumb Code    26  stm32f10x_tim.o(.text)
    TIM_OC4PolarityConfig                    0x0800204d   Thumb Code    26  stm32f10x_tim.o(.text)
    TIM_CCxCmd                               0x08002067   Thumb Code    30  stm32f10x_tim.o(.text)
    TIM_CCxNCmd                              0x08002085   Thumb Code    30  stm32f10x_tim.o(.text)
    TIM_SelectOCxM                           0x080020a3   Thumb Code    82  stm32f10x_tim.o(.text)
    TIM_UpdateDisableConfig                  0x080020f5   Thumb Code    24  stm32f10x_tim.o(.text)
    TIM_UpdateRequestConfig                  0x0800210d   Thumb Code    24  stm32f10x_tim.o(.text)
    TIM_SelectHallSensor                     0x08002125   Thumb Code    24  stm32f10x_tim.o(.text)
    TIM_SelectOnePulseMode                   0x0800213d   Thumb Code    18  stm32f10x_tim.o(.text)
    TIM_SelectOutputTrigger                  0x0800214f   Thumb Code    18  stm32f10x_tim.o(.text)
    TIM_SelectSlaveMode                      0x08002161   Thumb Code    18  stm32f10x_tim.o(.text)
    TIM_SelectMasterSlaveMode                0x08002173   Thumb Code    18  stm32f10x_tim.o(.text)
    TIM_SetCounter                           0x08002185   Thumb Code     4  stm32f10x_tim.o(.text)
    TIM_SetAutoreload                        0x08002189   Thumb Code     4  stm32f10x_tim.o(.text)
    TIM_SetCompare1                          0x0800218d   Thumb Code     4  stm32f10x_tim.o(.text)
    TIM_SetCompare2                          0x08002191   Thumb Code     4  stm32f10x_tim.o(.text)
    TIM_SetCompare3                          0x08002195   Thumb Code     4  stm32f10x_tim.o(.text)
    TIM_SetCompare4                          0x08002199   Thumb Code     6  stm32f10x_tim.o(.text)
    TIM_SetClockDivision                     0x0800219f   Thumb Code    18  stm32f10x_tim.o(.text)
    TIM_GetCapture1                          0x080021b1   Thumb Code     6  stm32f10x_tim.o(.text)
    TIM_GetCapture2                          0x080021b7   Thumb Code     6  stm32f10x_tim.o(.text)
    TIM_GetCapture3                          0x080021bd   Thumb Code     6  stm32f10x_tim.o(.text)
    TIM_GetCapture4                          0x080021c3   Thumb Code     8  stm32f10x_tim.o(.text)
    TIM_GetCounter                           0x080021cb   Thumb Code     6  stm32f10x_tim.o(.text)
    TIM_GetPrescaler                         0x080021d1   Thumb Code     6  stm32f10x_tim.o(.text)
    TIM_GetFlagStatus                        0x080021d7   Thumb Code    18  stm32f10x_tim.o(.text)
    TIM_ClearFlag                            0x080021e9   Thumb Code     6  stm32f10x_tim.o(.text)
    TIM_GetITStatus                          0x080021ef   Thumb Code    34  stm32f10x_tim.o(.text)
    TIM_ClearITPendingBit                    0x08002211   Thumb Code     6  stm32f10x_tim.o(.text)
    USART_DeInit                             0x08002219   Thumb Code   134  stm32f10x_usart.o(.text)
    USART_Init                               0x0800229f   Thumb Code   210  stm32f10x_usart.o(.text)
    USART_StructInit                         0x08002371   Thumb Code    24  stm32f10x_usart.o(.text)
    USART_ClockInit                          0x08002389   Thumb Code    34  stm32f10x_usart.o(.text)
    USART_ClockStructInit                    0x080023ab   Thumb Code    12  stm32f10x_usart.o(.text)
    USART_Cmd                                0x080023b7   Thumb Code    24  stm32f10x_usart.o(.text)
    USART_ITConfig                           0x080023cf   Thumb Code    74  stm32f10x_usart.o(.text)
    USART_DMACmd                             0x08002419   Thumb Code    18  stm32f10x_usart.o(.text)
    USART_SetAddress                         0x0800242b   Thumb Code    18  stm32f10x_usart.o(.text)
    USART_WakeUpConfig                       0x0800243d   Thumb Code    18  stm32f10x_usart.o(.text)
    USART_ReceiverWakeUpCmd                  0x0800244f   Thumb Code    24  stm32f10x_usart.o(.text)
    USART_LINBreakDetectLengthConfig         0x08002467   Thumb Code    18  stm32f10x_usart.o(.text)
    USART_LINCmd                             0x08002479   Thumb Code    24  stm32f10x_usart.o(.text)
    USART_SendData                           0x08002491   Thumb Code     8  stm32f10x_usart.o(.text)
    USART_ReceiveData                        0x08002499   Thumb Code    10  stm32f10x_usart.o(.text)
    USART_SendBreak                          0x080024a3   Thumb Code    10  stm32f10x_usart.o(.text)
    USART_SetGuardTime                       0x080024ad   Thumb Code    16  stm32f10x_usart.o(.text)
    USART_SetPrescaler                       0x080024bd   Thumb Code    16  stm32f10x_usart.o(.text)
    USART_SmartCardCmd                       0x080024cd   Thumb Code    24  stm32f10x_usart.o(.text)
    USART_SmartCardNACKCmd                   0x080024e5   Thumb Code    24  stm32f10x_usart.o(.text)
    USART_HalfDuplexCmd                      0x080024fd   Thumb Code    24  stm32f10x_usart.o(.text)
    USART_OverSampling8Cmd                   0x08002515   Thumb Code    22  stm32f10x_usart.o(.text)
    USART_OneBitMethodCmd                    0x0800252b   Thumb Code    24  stm32f10x_usart.o(.text)
    USART_IrDAConfig                         0x08002543   Thumb Code    18  stm32f10x_usart.o(.text)
    USART_IrDACmd                            0x08002555   Thumb Code    24  stm32f10x_usart.o(.text)
    USART_GetFlagStatus                      0x0800256d   Thumb Code    26  stm32f10x_usart.o(.text)
    USART_ClearFlag                          0x08002587   Thumb Code    18  stm32f10x_usart.o(.text)
    USART_GetITStatus                        0x08002599   Thumb Code    84  stm32f10x_usart.o(.text)
    USART_ClearITPendingBit                  0x080025ed   Thumb Code    52  stm32f10x_usart.o(.text)
    __use_no_semihosting                     0x08002621   Thumb Code     2  use_no_semi_2.o(.text)
    __c89vsprintf                            0x08002625   Thumb Code    32  c89vsprintf.o(.text)
    __2printf                                0x08002649   Thumb Code    20  __2printf.o(.text)
    _printf_str                              0x08002661   Thumb Code    82  _printf_str.o(.text)
    __printf                                 0x080026b5   Thumb Code   388  __printf_flags_ss_wp.o(.text)
    strlen                                   0x0800283d   Thumb Code    62  strlen.o(.text)
    __aeabi_memclr                           0x0800287b   Thumb Code     0  rt_memclr.o(.text)
    __rt_memclr                              0x0800287b   Thumb Code    68  rt_memclr.o(.text)
    _memset                                  0x0800287f   Thumb Code     0  rt_memclr.o(.text)
    __use_two_region_memory                  0x080028bf   Thumb Code     2  heapauxi.o(.text)
    __rt_heap_escrow$2region                 0x080028c1   Thumb Code     2  heapauxi.o(.text)
    __rt_heap_expand$2region                 0x080028c3   Thumb Code     2  heapauxi.o(.text)
    __I$use$semihosting                      0x080028c5   Thumb Code     0  use_no_semi.o(.text)
    __use_no_semihosting_swi                 0x080028c5   Thumb Code     2  use_no_semi.o(.text)
    _printf_pre_padding                      0x080028c7   Thumb Code    44  _printf_pad.o(.text)
    _printf_post_padding                     0x080028f3   Thumb Code    34  _printf_pad.o(.text)
    _printf_truncate_signed                  0x08002915   Thumb Code    18  _printf_truncate.o(.text)
    _printf_truncate_unsigned                0x08002927   Thumb Code    18  _printf_truncate.o(.text)
    _printf_int_dec                          0x08002939   Thumb Code   100  _printf_dec.o(.text)
    _printf_charcount                        0x080029ad   Thumb Code    40  _printf_charcount.o(.text)
    _printf_char_common                      0x080029df   Thumb Code    32  _printf_char_common.o(.text)
    _sputc                                   0x08002a05   Thumb Code    10  _sputc.o(.text)
    _printf_cs_common                        0x08002a0f   Thumb Code    20  _printf_char.o(.text)
    _printf_char                             0x08002a23   Thumb Code    16  _printf_char.o(.text)
    _printf_string                           0x08002a33   Thumb Code     8  _printf_char.o(.text)
    _printf_char_file                        0x08002a3d   Thumb Code    32  _printf_char_file.o(.text)
    _printf_wctomb                           0x08002a61   Thumb Code   182  _printf_wctomb.o(.text)
    _printf_longlong_dec                     0x08002b1d   Thumb Code   104  _printf_longlong_dec.o(.text)
    _printf_longlong_oct                     0x08002b95   Thumb Code    68  _printf_oct_int_ll.o(.text)
    _printf_int_oct                          0x08002bd9   Thumb Code    24  _printf_oct_int_ll.o(.text)
    _printf_ll_oct                           0x08002bf1   Thumb Code    12  _printf_oct_int_ll.o(.text)
    _printf_longlong_hex                     0x08002c05   Thumb Code    86  _printf_hex_int_ll_ptr.o(.text)
    _printf_int_hex                          0x08002c5b   Thumb Code    28  _printf_hex_int_ll_ptr.o(.text)
    _printf_ll_hex                           0x08002c77   Thumb Code    12  _printf_hex_int_ll_ptr.o(.text)
    _printf_hex_ptr                          0x08002c83   Thumb Code    18  _printf_hex_int_ll_ptr.o(.text)
    __aeabi_memclr4                          0x08002c99   Thumb Code     0  rt_memclr_w.o(.text)
    __aeabi_memclr8                          0x08002c99   Thumb Code     0  rt_memclr_w.o(.text)
    __rt_memclr_w                            0x08002c99   Thumb Code    78  rt_memclr_w.o(.text)
    _memset_w                                0x08002c9d   Thumb Code     0  rt_memclr_w.o(.text)
    _ll_udiv10                               0x08002ce7   Thumb Code   138  lludiv10.o(.text)
    _printf_int_common                       0x08002d71   Thumb Code   178  _printf_intcommon.o(.text)
    __lib_sel_fp_printf                      0x08002e23   Thumb Code     2  _printf_fp_dec.o(.text)
    _printf_fp_dec_real                      0x08002fd1   Thumb Code   616  _printf_fp_dec.o(.text)
    _printf_lcs_common                       0x08003239   Thumb Code    20  _printf_wchar.o(.text)
    _printf_wchar                            0x0800324d   Thumb Code    16  _printf_wchar.o(.text)
    _printf_wstring                          0x0800325d   Thumb Code     8  _printf_wchar.o(.text)
    ferror                                   0x08003265   Thumb Code     8  ferror.o(.text)
    _wcrtomb                                 0x0800326d   Thumb Code    64  _wcrtomb.o(.text)
    __user_setup_stackheap                   0x080032ad   Thumb Code    74  sys_stackheap_outer.o(.text)
    __rt_ctype_table                         0x080032f9   Thumb Code    16  rt_ctype_table.o(.text)
    __rt_locale                              0x08003309   Thumb Code     8  rt_locale_intlibspace.o(.text)
    _printf_fp_infnan                        0x08003311   Thumb Code   112  _printf_fp_infnan.o(.text)
    _btod_etento                             0x08003391   Thumb Code   212  bigflt0.o(.text)
    exit                                     0x08003469   Thumb Code    12  exit.o(.text)
    __user_libspace                          0x08003475   Thumb Code     8  libspace.o(.text)
    __user_perproc_libspace                  0x08003475   Thumb Code     0  libspace.o(.text)
    __user_perthread_libspace                0x08003475   Thumb Code     0  libspace.o(.text)
    strcmp                                   0x0800347d   Thumb Code   128  strcmpv7m.o(.text)
    _btod_d2e                                0x080034fd   Thumb Code    62  btod.o(CL$$btod_d2e)
    _d2e_denorm_low                          0x0800353b   Thumb Code    70  btod.o(CL$$btod_d2e_denorm_low)
    _d2e_norm_op1                            0x08003581   Thumb Code    96  btod.o(CL$$btod_d2e_norm_op1)
    __btod_div_common                        0x080035e1   Thumb Code   696  btod.o(CL$$btod_div_common)
    _e2e                                     0x08003919   Thumb Code   198  btod.o(CL$$btod_e2e)
    _btod_ediv                               0x080039df   Thumb Code    40  btod.o(CL$$btod_ediv)
    _btod_emul                               0x08003a07   Thumb Code    40  btod.o(CL$$btod_emul)
    __btod_mult_common                       0x08003a2f   Thumb Code   580  btod.o(CL$$btod_mult_common)
    __ARM_fpclassify                         0x08003c73   Thumb Code    40  fpclassify.o(i.__ARM_fpclassify)
    _is_digit                                0x08003c9b   Thumb Code    14  __printf_wp.o(i._is_digit)
    _get_lc_numeric                          0x08003ca9   Thumb Code    44  lc_numeric_c.o(locale$$code)
    _get_lc_ctype                            0x08003cd5   Thumb Code    44  lc_ctype_c.o(locale$$code)
    _printf_fp_dec                           0x08003d01   Thumb Code     4  printf1.o(x$fpl$printf1)
    __I$use$fp                               0x08003d04   Number         0  usenofp.o(x$fpl$usenofp)
    Region$$Table$$Base                      0x08003ddc   Number         0  anon$$obj.o(Region$$Table)
    Region$$Table$$Limit                     0x08003dfc   Number         0  anon$$obj.o(Region$$Table)
    __ctype                                  0x08003e25   Data           0  lc_ctype_c.o(locale$$data)
    SystemCoreClock                          0x20000000   Data           4  system_stm32f10x.o(.data)
    AHBPrescTable                            0x20000004   Data          16  system_stm32f10x.o(.data)
    USART2_RX_STA                            0x20000014   Data           4  usart2.o(.data)
    flag_send                                0x20000018   Data           1  usart2.o(.data)
    USART3_RX_STA                            0x2000001c   Data           4  usart3.o(.data)
    USART3_RX_comSTA                         0x20000020   Data           4  usart3.o(.data)
    rcv_cmd_start                            0x20000024   Data           1  usart3.o(.data)
    rcv_cmd_flag                             0x20000025   Data           1  usart3.o(.data)
    __stdout                                 0x20000030   Data           4  usart.o(.data)
    USART_RX_STA                             0x20000034   Data           2  usart.o(.data)
    USART2_RX_BUF                            0x2000004c   Data         600  usart2.o(.bss)
    USART2_TX_BUF                            0x200002a4   Data         600  usart2.o(.bss)
    USART3_RX_BUF                            0x200004fc   Data        1024  usart3.o(.bss)
    USART3_TX_BUF                            0x200008fc   Data        1024  usart3.o(.bss)
    USART3_RX_comBUF                         0x20000cfc   Data         256  usart3.o(.bss)
    USART_RX_BUF                             0x20000dfc   Data         200  usart.o(.bss)
    __libspace_start                         0x20000ec4   Data          96  libspace.o(.bss)
    __temporary_stack_top$libspace           0x20000f24   Data           0  libspace.o(.bss)



==============================================================================

Memory Map of the image

  Image Entry point : 0x08000131

  Load Region LR_IROM1 (Base: 0x08000000, Size: 0x00003f74, Max: 0x00010000, ABSOLUTE)

    Execution Region ER_IROM1 (Base: 0x08000000, Size: 0x00003f28, Max: 0x00010000, ABSOLUTE)

    Base Addr    Size         Type   Attr      Idx    E Section Name        Object

    0x08000000   0x00000130   Data   RO          171    RESET               startup_stm32f10x_hd.o
    0x08000130   0x00000008   Code   RO          527  * !!!main             c_w.l(__main.o)
    0x08000138   0x00000034   Code   RO          816    !!!scatter          c_w.l(__scatter.o)
    0x0800016c   0x0000001a   Code   RO          818    !!handler_copy      c_w.l(__scatter_copy.o)
    0x08000186   0x00000002   PAD
    0x08000188   0x0000001c   Code   RO          820    !!handler_zi        c_w.l(__scatter_zi.o)
    0x080001a4   0x00000000   Code   RO          520    .ARM.Collect$$_printf_percent$$00000000  c_w.l(_printf_percent.o)
    0x080001a4   0x00000006   Code   RO          581    .ARM.Collect$$_printf_percent$$00000001  c_w.l(_printf_n.o)
    0x080001aa   0x00000006   Code   RO          583    .ARM.Collect$$_printf_percent$$00000002  c_w.l(_printf_p.o)
    0x080001b0   0x00000006   Code   RO          588    .ARM.Collect$$_printf_percent$$00000003  c_w.l(_printf_f.o)
    0x080001b6   0x00000006   Code   RO          589    .ARM.Collect$$_printf_percent$$00000004  c_w.l(_printf_e.o)
    0x080001bc   0x00000006   Code   RO          590    .ARM.Collect$$_printf_percent$$00000005  c_w.l(_printf_g.o)
    0x080001c2   0x00000006   Code   RO          591    .ARM.Collect$$_printf_percent$$00000006  c_w.l(_printf_a.o)
    0x080001c8   0x0000000a   Code   RO          596    .ARM.Collect$$_printf_percent$$00000007  c_w.l(_printf_ll.o)
    0x080001d2   0x00000006   Code   RO          585    .ARM.Collect$$_printf_percent$$00000008  c_w.l(_printf_i.o)
    0x080001d8   0x00000006   Code   RO          586    .ARM.Collect$$_printf_percent$$00000009  c_w.l(_printf_d.o)
    0x080001de   0x00000006   Code   RO          587    .ARM.Collect$$_printf_percent$$0000000A  c_w.l(_printf_u.o)
    0x080001e4   0x00000006   Code   RO          584    .ARM.Collect$$_printf_percent$$0000000B  c_w.l(_printf_o.o)
    0x080001ea   0x00000006   Code   RO          582    .ARM.Collect$$_printf_percent$$0000000C  c_w.l(_printf_x.o)
    0x080001f0   0x00000006   Code   RO          593    .ARM.Collect$$_printf_percent$$0000000D  c_w.l(_printf_lli.o)
    0x080001f6   0x00000006   Code   RO          594    .ARM.Collect$$_printf_percent$$0000000E  c_w.l(_printf_lld.o)
    0x080001fc   0x00000006   Code   RO          595    .ARM.Collect$$_printf_percent$$0000000F  c_w.l(_printf_llu.o)
    0x08000202   0x00000006   Code   RO          600    .ARM.Collect$$_printf_percent$$00000010  c_w.l(_printf_llo.o)
    0x08000208   0x00000006   Code   RO          601    .ARM.Collect$$_printf_percent$$00000011  c_w.l(_printf_llx.o)
    0x0800020e   0x0000000a   Code   RO          597    .ARM.Collect$$_printf_percent$$00000012  c_w.l(_printf_l.o)
    0x08000218   0x00000006   Code   RO          580    .ARM.Collect$$_printf_percent$$00000013  c_w.l(_printf_c.o)
    0x0800021e   0x00000006   Code   RO          519    .ARM.Collect$$_printf_percent$$00000014  c_w.l(_printf_s.o)
    0x08000224   0x00000006   Code   RO          598    .ARM.Collect$$_printf_percent$$00000015  c_w.l(_printf_lc.o)
    0x0800022a   0x00000006   Code   RO          599    .ARM.Collect$$_printf_percent$$00000016  c_w.l(_printf_ls.o)
    0x08000230   0x00000004   Code   RO          592    .ARM.Collect$$_printf_percent$$00000017  c_w.l(_printf_percent_end.o)
    0x08000234   0x00000002   Code   RO          683    .ARM.Collect$$libinit$$00000000  c_w.l(libinit.o)
    0x08000236   0x00000000   Code   RO          700    .ARM.Collect$$libinit$$00000002  c_w.l(libinit2.o)
    0x08000236   0x00000000   Code   RO          703    .ARM.Collect$$libinit$$00000008  c_w.l(libinit2.o)
    0x08000236   0x00000000   Code   RO          705    .ARM.Collect$$libinit$$0000000A  c_w.l(libinit2.o)
    0x08000236   0x00000000   Code   RO          707    .ARM.Collect$$libinit$$0000000C  c_w.l(libinit2.o)
    0x08000236   0x00000006   Code   RO          708    .ARM.Collect$$libinit$$0000000D  c_w.l(libinit2.o)
    0x0800023c   0x00000000   Code   RO          710    .ARM.Collect$$libinit$$0000000F  c_w.l(libinit2.o)
    0x0800023c   0x0000000c   Code   RO          711    .ARM.Collect$$libinit$$00000010  c_w.l(libinit2.o)
    0x08000248   0x00000000   Code   RO          712    .ARM.Collect$$libinit$$00000011  c_w.l(libinit2.o)
    0x08000248   0x00000000   Code   RO          714    .ARM.Collect$$libinit$$00000013  c_w.l(libinit2.o)
    0x08000248   0x0000000a   Code   RO          715    .ARM.Collect$$libinit$$00000014  c_w.l(libinit2.o)
    0x08000252   0x00000000   Code   RO          716    .ARM.Collect$$libinit$$00000015  c_w.l(libinit2.o)
    0x08000252   0x00000000   Code   RO          718    .ARM.Collect$$libinit$$00000017  c_w.l(libinit2.o)
    0x08000252   0x00000000   Code   RO          720    .ARM.Collect$$libinit$$00000019  c_w.l(libinit2.o)
    0x08000252   0x00000000   Code   RO          722    .ARM.Collect$$libinit$$0000001B  c_w.l(libinit2.o)
    0x08000252   0x00000000   Code   RO          724    .ARM.Collect$$libinit$$0000001D  c_w.l(libinit2.o)
    0x08000252   0x00000000   Code   RO          726    .ARM.Collect$$libinit$$0000001F  c_w.l(libinit2.o)
    0x08000252   0x00000000   Code   RO          728    .ARM.Collect$$libinit$$00000021  c_w.l(libinit2.o)
    0x08000252   0x00000000   Code   RO          730    .ARM.Collect$$libinit$$00000023  c_w.l(libinit2.o)
    0x08000252   0x00000000   Code   RO          734    .ARM.Collect$$libinit$$0000002A  c_w.l(libinit2.o)
    0x08000252   0x00000000   Code   RO          736    .ARM.Collect$$libinit$$0000002C  c_w.l(libinit2.o)
    0x08000252   0x00000000   Code   RO          738    .ARM.Collect$$libinit$$0000002E  c_w.l(libinit2.o)
    0x08000252   0x00000000   Code   RO          740    .ARM.Collect$$libinit$$00000030  c_w.l(libinit2.o)
    0x08000252   0x00000002   Code   RO          741    .ARM.Collect$$libinit$$00000031  c_w.l(libinit2.o)
    0x08000254   0x00000002   Code   RO          759    .ARM.Collect$$libshutdown$$00000000  c_w.l(libshutdown.o)
    0x08000256   0x00000000   Code   RO          770    .ARM.Collect$$libshutdown$$00000003  c_w.l(libshutdown2.o)
    0x08000256   0x00000000   Code   RO          773    .ARM.Collect$$libshutdown$$00000006  c_w.l(libshutdown2.o)
    0x08000256   0x00000000   Code   RO          776    .ARM.Collect$$libshutdown$$00000009  c_w.l(libshutdown2.o)
    0x08000256   0x00000000   Code   RO          778    .ARM.Collect$$libshutdown$$0000000B  c_w.l(libshutdown2.o)
    0x08000256   0x00000000   Code   RO          781    .ARM.Collect$$libshutdown$$0000000E  c_w.l(libshutdown2.o)
    0x08000256   0x00000002   Code   RO          782    .ARM.Collect$$libshutdown$$0000000F  c_w.l(libshutdown2.o)
    0x08000258   0x00000000   Code   RO          531    .ARM.Collect$$rtentry$$00000000  c_w.l(rtentry.o)
    0x08000258   0x00000000   Code   RO          607    .ARM.Collect$$rtentry$$00000002  c_w.l(rtentry2.o)
    0x08000258   0x00000006   Code   RO          619    .ARM.Collect$$rtentry$$00000004  c_w.l(rtentry4.o)
    0x0800025e   0x00000000   Code   RO          609    .ARM.Collect$$rtentry$$00000009  c_w.l(rtentry2.o)
    0x0800025e   0x00000004   Code   RO          610    .ARM.Collect$$rtentry$$0000000A  c_w.l(rtentry2.o)
    0x08000262   0x00000000   Code   RO          612    .ARM.Collect$$rtentry$$0000000C  c_w.l(rtentry2.o)
    0x08000262   0x00000008   Code   RO          613    .ARM.Collect$$rtentry$$0000000D  c_w.l(rtentry2.o)
    0x0800026a   0x00000002   Code   RO          692    .ARM.Collect$$rtexit$$00000000  c_w.l(rtexit.o)
    0x0800026c   0x00000000   Code   RO          743    .ARM.Collect$$rtexit$$00000002  c_w.l(rtexit2.o)
    0x0800026c   0x00000004   Code   RO          744    .ARM.Collect$$rtexit$$00000003  c_w.l(rtexit2.o)
    0x08000270   0x00000006   Code   RO          745    .ARM.Collect$$rtexit$$00000004  c_w.l(rtexit2.o)
    0x08000276   0x00000002   PAD
    0x08000278   0x000001e0   Code   RO            1    .text               system_stm32f10x.o
    0x08000458   0x0000001a   Code   RO          103    .text               stm32f10x_it.o
    0x08000472   0x00000002   PAD
    0x08000474   0x00000080   Code   RO          122    .text               main.o
    0x080004f4   0x00000040   Code   RO          172    .text               startup_stm32f10x_hd.o
    0x08000534   0x000001b4   Code   RO          176    .text               usart2.o
    0x080006e8   0x000001cc   Code   RO          241    .text               usart3.o
    0x080008b4   0x0000008c   Code   RO          260    .text               timer.o
    0x08000940   0x00000034   Code   RO          273    .text               led.o
    0x08000974   0x00000098   Code   RO          285    .text               time1.o
    0x08000a0c   0x000000d4   Code   RO          298    .text               delay.o
    0x08000ae0   0x00000140   Code   RO          328    .text               usart.o
    0x08000c20   0x000000dc   Code   RO          351    .text               misc.o
    0x08000cfc   0x0000035c   Code   RO          411    .text               stm32f10x_gpio.o
    0x08001058   0x000003a4   Code   RO          423    .text               stm32f10x_rcc.o
    0x080013fc   0x00000e1a   Code   RO          461    .text               stm32f10x_tim.o
    0x08002216   0x00000002   PAD
    0x08002218   0x00000408   Code   RO          473    .text               stm32f10x_usart.o
    0x08002620   0x00000002   Code   RO          487    .text               c_w.l(use_no_semi_2.o)
    0x08002622   0x00000002   PAD
    0x08002624   0x00000024   Code   RO          489    .text               c_w.l(c89vsprintf.o)
    0x08002648   0x00000018   Code   RO          491    .text               c_w.l(__2printf.o)
    0x08002660   0x00000052   Code   RO          497    .text               c_w.l(_printf_str.o)
    0x080026b2   0x00000002   PAD
    0x080026b4   0x00000188   Code   RO          516    .text               c_w.l(__printf_flags_ss_wp.o)
    0x0800283c   0x0000003e   Code   RO          521    .text               c_w.l(strlen.o)
    0x0800287a   0x00000044   Code   RO          523    .text               c_w.l(rt_memclr.o)
    0x080028be   0x00000006   Code   RO          525    .text               c_w.l(heapauxi.o)
    0x080028c4   0x00000002   Code   RO          529    .text               c_w.l(use_no_semi.o)
    0x080028c6   0x0000004e   Code   RO          532    .text               c_w.l(_printf_pad.o)
    0x08002914   0x00000024   Code   RO          534    .text               c_w.l(_printf_truncate.o)
    0x08002938   0x00000074   Code   RO          536    .text               c_w.l(_printf_dec.o)
    0x080029ac   0x00000028   Code   RO          538    .text               c_w.l(_printf_charcount.o)
    0x080029d4   0x00000030   Code   RO          540    .text               c_w.l(_printf_char_common.o)
    0x08002a04   0x0000000a   Code   RO          542    .text               c_w.l(_sputc.o)
    0x08002a0e   0x0000002c   Code   RO          544    .text               c_w.l(_printf_char.o)
    0x08002a3a   0x00000002   PAD
    0x08002a3c   0x00000024   Code   RO          546    .text               c_w.l(_printf_char_file.o)
    0x08002a60   0x000000bc   Code   RO          548    .text               c_w.l(_printf_wctomb.o)
    0x08002b1c   0x00000078   Code   RO          551    .text               c_w.l(_printf_longlong_dec.o)
    0x08002b94   0x00000070   Code   RO          557    .text               c_w.l(_printf_oct_int_ll.o)
    0x08002c04   0x00000094   Code   RO          577    .text               c_w.l(_printf_hex_int_ll_ptr.o)
    0x08002c98   0x0000004e   Code   RO          602    .text               c_w.l(rt_memclr_w.o)
    0x08002ce6   0x0000008a   Code   RO          621    .text               c_w.l(lludiv10.o)
    0x08002d70   0x000000b2   Code   RO          623    .text               c_w.l(_printf_intcommon.o)
    0x08002e22   0x00000416   Code   RO          625    .text               c_w.l(_printf_fp_dec.o)
    0x08003238   0x0000002c   Code   RO          629    .text               c_w.l(_printf_wchar.o)
    0x08003264   0x00000008   Code   RO          631    .text               c_w.l(ferror.o)
    0x0800326c   0x00000040   Code   RO          635    .text               c_w.l(_wcrtomb.o)
    0x080032ac   0x0000004a   Code   RO          637    .text               c_w.l(sys_stackheap_outer.o)
    0x080032f6   0x00000002   PAD
    0x080032f8   0x00000010   Code   RO          639    .text               c_w.l(rt_ctype_table.o)
    0x08003308   0x00000008   Code   RO          644    .text               c_w.l(rt_locale_intlibspace.o)
    0x08003310   0x00000080   Code   RO          646    .text               c_w.l(_printf_fp_infnan.o)
    0x08003390   0x000000d8   Code   RO          648    .text               c_w.l(bigflt0.o)
    0x08003468   0x0000000c   Code   RO          676    .text               c_w.l(exit.o)
    0x08003474   0x00000008   Code   RO          689    .text               c_w.l(libspace.o)
    0x0800347c   0x00000080   Code   RO          697    .text               c_w.l(strcmpv7m.o)
    0x080034fc   0x0000003e   Code   RO          651    CL$$btod_d2e        c_w.l(btod.o)
    0x0800353a   0x00000046   Code   RO          653    CL$$btod_d2e_denorm_low  c_w.l(btod.o)
    0x08003580   0x00000060   Code   RO          652    CL$$btod_d2e_norm_op1  c_w.l(btod.o)
    0x080035e0   0x00000338   Code   RO          661    CL$$btod_div_common  c_w.l(btod.o)
    0x08003918   0x000000c6   Code   RO          658    CL$$btod_e2e        c_w.l(btod.o)
    0x080039de   0x00000028   Code   RO          655    CL$$btod_ediv       c_w.l(btod.o)
    0x08003a06   0x00000028   Code   RO          654    CL$$btod_emul       c_w.l(btod.o)
    0x08003a2e   0x00000244   Code   RO          660    CL$$btod_mult_common  c_w.l(btod.o)
    0x08003c72   0x00000028   Code   RO          687    i.__ARM_fpclassify  m_ws.l(fpclassify.o)
    0x08003c9a   0x0000000e   Code   RO          509    i._is_digit         c_w.l(__printf_wp.o)
    0x08003ca8   0x0000002c   Code   RO          674    locale$$code        c_w.l(lc_numeric_c.o)
    0x08003cd4   0x0000002c   Code   RO          695    locale$$code        c_w.l(lc_ctype_c.o)
    0x08003d00   0x00000004   Code   RO          604    x$fpl$printf1       fz_ws.l(printf1.o)
    0x08003d04   0x00000000   Code   RO          686    x$fpl$usenofp       fz_ws.l(usenofp.o)
    0x08003d04   0x00000011   Data   RO          517    .constdata          c_w.l(__printf_flags_ss_wp.o)
    0x08003d15   0x00000003   PAD
    0x08003d18   0x00000008   Data   RO          549    .constdata          c_w.l(_printf_wctomb.o)
    0x08003d20   0x00000028   Data   RO          578    .constdata          c_w.l(_printf_hex_int_ll_ptr.o)
    0x08003d48   0x00000094   Data   RO          649    .constdata          c_w.l(bigflt0.o)
    0x08003ddc   0x00000020   Data   RO          814    Region$$Table       anon$$obj.o
    0x08003dfc   0x0000001c   Data   RO          673    locale$$data        c_w.l(lc_numeric_c.o)
    0x08003e18   0x00000110   Data   RO          694    locale$$data        c_w.l(lc_ctype_c.o)


    Execution Region RW_IRAM1 (Base: 0x20000000, Size: 0x00001528, Max: 0x00005000, ABSOLUTE)

    Base Addr    Size         Type   Attr      Idx    E Section Name        Object

    0x20000000   0x00000014   Data   RW            2    .data               system_stm32f10x.o
    0x20000014   0x00000005   Data   RW          178    .data               usart2.o
    0x20000019   0x00000003   PAD
    0x2000001c   0x0000000a   Data   RW          243    .data               usart3.o
    0x20000026   0x00000002   PAD
    0x20000028   0x00000004   Data   RW          286    .data               time1.o
    0x2000002c   0x00000004   Data   RW          299    .data               delay.o
    0x20000030   0x00000006   Data   RW          330    .data               usart.o
    0x20000036   0x00000014   Data   RW          424    .data               stm32f10x_rcc.o
    0x2000004a   0x00000002   PAD
    0x2000004c   0x000004b0   Zero   RW          177    .bss                usart2.o
    0x200004fc   0x00000900   Zero   RW          242    .bss                usart3.o
    0x20000dfc   0x000000c8   Zero   RW          329    .bss                usart.o
    0x20000ec4   0x00000060   Zero   RW          690    .bss                c_w.l(libspace.o)
    0x20000f24   0x00000004   PAD
    0x20000f28   0x00000200   Zero   RW          170    HEAP                startup_stm32f10x_hd.o
    0x20001128   0x00000400   Zero   RW          169    STACK               startup_stm32f10x_hd.o


==============================================================================

Image component sizes


      Code (inc. data)   RO Data    RW Data    ZI Data      Debug   Object Name

         0          0          0          0          0         32   core_cm3.o
       212         18          0          4          0        951   delay.o
        52          6          0          0          0        447   led.o
       128         14          0          0          0        451   main.o
       220         22          0          0          0       1697   misc.o
        64         26        304          0       1536        772   startup_stm32f10x_hd.o
       860         38          0          0          0       5545   stm32f10x_gpio.o
        26          0          0          0          0       1162   stm32f10x_it.o
       932         36          0         20          0       8680   stm32f10x_rcc.o
      3610         88          0          0          0      22028   stm32f10x_tim.o
      1032         22          0          0          0       8268   stm32f10x_usart.o
       480         38          0         20          0      49263   system_stm32f10x.o
       152         12          0          4          0        764   time1.o
       140          8          0          0          0        740   timer.o
       320         16          0          6        200       3030   usart.o
       436         26          0          5       1200     206069   usart2.o
       460         36          0         10       2304       2432   usart3.o

    ----------------------------------------------------------------------
      9128        406        336         76       5240     312331   Object Totals
         0          0         32          0          0          0   (incl. Generated)
         4          0          0          7          0          0   (incl. Padding)

    ----------------------------------------------------------------------

      Code (inc. data)   RO Data    RW Data    ZI Data      Debug   Library Member Name

        24          4          0          0          0         84   __2printf.o
         8          0          0          0          0         68   __main.o
       392          4         17          0          0         92   __printf_flags_ss_wp.o
        14          0          0          0          0         68   __printf_wp.o
        52          8          0          0          0          0   __scatter.o
        26          0          0          0          0          0   __scatter_copy.o
        28          0          0          0          0          0   __scatter_zi.o
         6          0          0          0          0          0   _printf_a.o
         6          0          0          0          0          0   _printf_c.o
        44          0          0          0          0        108   _printf_char.o
        48          6          0          0          0         96   _printf_char_common.o
        36          4          0          0          0         80   _printf_char_file.o
        40          0          0          0          0         68   _printf_charcount.o
         6          0          0          0          0          0   _printf_d.o
       116         16          0          0          0         92   _printf_dec.o
         6          0          0          0          0          0   _printf_e.o
         6          0          0          0          0          0   _printf_f.o
      1046          0          0          0          0        216   _printf_fp_dec.o
       128         16          0          0          0         84   _printf_fp_infnan.o
         6          0          0          0          0          0   _printf_g.o
       148          4         40          0          0        160   _printf_hex_int_ll_ptr.o
         6          0          0          0          0          0   _printf_i.o
       178          0          0          0          0         88   _printf_intcommon.o
        10          0          0          0          0          0   _printf_l.o
         6          0          0          0          0          0   _printf_lc.o
        10          0          0          0          0          0   _printf_ll.o
         6          0          0          0          0          0   _printf_lld.o
         6          0          0          0          0          0   _printf_lli.o
         6          0          0          0          0          0   _printf_llo.o
         6          0          0          0          0          0   _printf_llu.o
         6          0          0          0          0          0   _printf_llx.o
       120         16          0          0          0         92   _printf_longlong_dec.o
         6          0          0          0          0          0   _printf_ls.o
         6          0          0          0          0          0   _printf_n.o
         6          0          0          0          0          0   _printf_o.o
       112          8          0          0          0        124   _printf_oct_int_ll.o
         6          0          0          0          0          0   _printf_p.o
        78          0          0          0          0        108   _printf_pad.o
         0          0          0          0          0          0   _printf_percent.o
         4          0          0          0          0          0   _printf_percent_end.o
         6          0          0          0          0          0   _printf_s.o
        82          0          0          0          0         80   _printf_str.o
        36          0          0          0          0         84   _printf_truncate.o
         6          0          0          0          0          0   _printf_u.o
        44          0          0          0          0        108   _printf_wchar.o
       188          6          8          0          0         92   _printf_wctomb.o
         6          0          0          0          0          0   _printf_x.o
        10          0          0          0          0         68   _sputc.o
        64          0          0          0          0         92   _wcrtomb.o
       216          4        148          0          0         96   bigflt0.o
      1910        128          0          0          0        672   btod.o
        36          4          0          0          0         76   c89vsprintf.o
        12          0          0          0          0         72   exit.o
         8          0          0          0          0         68   ferror.o
         6          0          0          0          0        152   heapauxi.o
        44         10        272          0          0         76   lc_ctype_c.o
        44         10         28          0          0         76   lc_numeric_c.o
         2          0          0          0          0          0   libinit.o
        30          0          0          0          0          0   libinit2.o
         2          0          0          0          0          0   libshutdown.o
         2          0          0          0          0          0   libshutdown2.o
         8          4          0          0         96         68   libspace.o
       138          0          0          0          0         80   lludiv10.o
        16          4          0          0          0         76   rt_ctype_table.o
         8          4          0          0          0         68   rt_locale_intlibspace.o
        68          0          0          0          0         68   rt_memclr.o
        78          0          0          0          0         80   rt_memclr_w.o
         0          0          0          0          0          0   rtentry.o
        12          0          0          0          0          0   rtentry2.o
         6          0          0          0          0          0   rtentry4.o
         2          0          0          0          0          0   rtexit.o
        10          0          0          0          0          0   rtexit2.o
       128          0          0          0          0         68   strcmpv7m.o
        62          0          0          0          0         76   strlen.o
        74          0          0          0          0         80   sys_stackheap_outer.o
         2          0          0          0          0         68   use_no_semi.o
         2          0          0          0          0         68   use_no_semi_2.o
         4          0          0          0          0         68   printf1.o
         0          0          0          0          0          0   usenofp.o
        40          0          0          0          0         68   fpclassify.o

    ----------------------------------------------------------------------
      6188        260        516          0        100       4376   Library Totals
        12          0          3          0          4          0   (incl. Padding)

    ----------------------------------------------------------------------

      Code (inc. data)   RO Data    RW Data    ZI Data      Debug   Library Name

      6132        260        513          0         96       4240   c_w.l
         4          0          0          0          0         68   fz_ws.l
        40          0          0          0          0         68   m_ws.l

    ----------------------------------------------------------------------
      6188        260        516          0        100       4376   Library Totals

    ----------------------------------------------------------------------

==============================================================================


      Code (inc. data)   RO Data    RW Data    ZI Data      Debug   

     15316        666        852         76       5340     313167   Grand Totals
     15316        666        852         76       5340     313167   ELF Image Totals
     15316        666        852         76          0          0   ROM Totals

==============================================================================

    Total RO  Size (Code + RO Data)                16168 (  15.79kB)
    Total RW  Size (RW Data + ZI Data)              5416 (   5.29kB)
    Total ROM Size (Code + RO Data + RW Data)      16244 (  15.86kB)

==============================================================================

